###############################################################################
#                                                                             #
# IAR C/C++ Compiler V1.40.1.50106 for STM8             28/May/2013  11:52:32 #
# Copyright 2010-2013 IAR Systems AB.                                         #
#                                                                             #
#    Source file  =  C:\SNAP\SNAP_100\GS1011_Serial_Routines.c                #
#    Command line =  C:\SNAP\SNAP_100\GS1011_Serial_Routines.c -e -Oh         #
#                    --code_model small --data_model small -o                 #
#                    C:\SNAP\SNAP_100\Release\Obj\ --dlib_config "C:\Program  #
#                    Files\IAR Systems\Embedded Workbench                     #
#                    6.5\stm8\LIB\dlstm8ssn.h" -D NDEBUG -D STM8S007 -lC      #
#                    C:\SNAP\SNAP_100\Release\List\ -I .\                     #
#                    --no_system_include --vregs 16                           #
#    List file    =  C:\SNAP\SNAP_100\Release\List\GS1011_Serial_Routines.lst #
#    Object file  =  C:\SNAP\SNAP_100\Release\Obj\GS1011_Serial_Routines.o    #
#                                                                             #
#                                                                             #
###############################################################################

C:\SNAP\SNAP_100\GS1011_Serial_Routines.c
      1          
      2            /*****************************************************************************
      3            * GS1011 Serial Handlers
      4            * @file    stm8s_uart1.c
      5            * @author  MCD Application Team
      6            * @version V2.1.0
      7            * @date    18-November-2011
      8            * @brief   This file contains all the functions for the UART1 peripheral.
      9            *****************************************************************************/
     10          /* Includes ------------------------------------------------------------------*/
     11          /* definitions ---------------------------------------------------------------*/
     12             extern char* GS1011_Xmit_Pointer;
     13             extern char GS1011_Xmit_Buffer;
     14             extern char GetNSTATMessage;
     15             extern unsigned char GS1011_Xmit_Char_Count;
     16          
     17          void GetNetworkStatusFromGS1011 (void);
     18          void SetupGS1011Association(void);
     19          void SendUpdateToWebsite (void);
     20          void GetResponseFromGS1011(void);
     21          extern void strcpy(char *s1, char *s2);
     22          extern void Start_GS1011_Send(void);
     23          /* Routines ------------------------------------------------------------------*/

   \                                 In section .near_func.text, align 1
     24          void GetNetworkStatusFromGS1011 (){
   \                     GetNetworkStatusFromGS1011:
   \   000000 CD ....      CALL      L:?push_w4
     25            GS1011_Xmit_Char_Count = sizeof(GetNSTATMessage);
   \   000003 35 01 ....   MOV       S:GS1011_Xmit_Char_Count, #0x1
     26            strcpy(&GS1011_Xmit_Buffer, &GetNSTATMessage);
   \   000007 A6 ..        LD        A, #GS1011_Xmit_Buffer
   \   000009 5F           CLRW      X
   \   00000A 97           LD        XL, A
   \   00000B BF ..        LDW       S:?w4, X
   \   00000D A6 ..        LD        A, #GetNSTATMessage
   \   00000F 905F         CLRW      Y
   \   000011 9097         LD        YL, A
   \   000013 CD ....      CALL      L:strcpy
     27            GS1011_Xmit_Pointer = &GS1011_Xmit_Buffer;
   \   000016 BE ..        LDW       X, S:?w4
   \   000018 BF ..        LDW       S:GS1011_Xmit_Pointer, X
     28            Start_GS1011_Send();
   \   00001A CD ....      CALL      L:Start_GS1011_Send
     29          }
   \   00001D CC ....      JP        L:?epilogue_w4

   \                                 In section .near_func.text, align 1
     30          void SetupGS1011Association(){
     31          }
   \                     SetupGS1011Association:
   \   000000 81           RET

   \                                 In section .near_func.text, align 1
     32          void SendUpdateToWebsite (){
     33          }
   \                     SendUpdateToWebsite:
   \   000000 81           RET

   \                                 In section .near_func.text, align 1
     34          void GetResponseFromGS1011(){
     35          }
   \                     GetResponseFromGS1011:
   \   000000 81           RET

   Section sizes:

   Bytes  Function/Label
   -----  --------------
      32  GetNetworkStatusFromGS1011
       1  GetResponseFromGS1011
       1  SendUpdateToWebsite
       1  SetupGS1011Association

 
 35 bytes in section .near_func.text
 
 35 bytes of CODE memory

Errors: none
Warnings: none
