###############################################################################
#                                                                             #
# IAR ELF Linker V1.40.1.50106 for STM8                 28/May/2013  13:15:21 #
# Copyright 2010-2013 IAR Systems AB.                                         #
#                                                                             #
#    Output file  =  C:\SNAP\SNAP_100\Release\Exe\SNAP_100.out                #
#    Map file     =  C:\SNAP\SNAP_100\Release\List\SNAP_100.map               #
#    Command line =  C:\SNAP\SNAP_100\Release\Obj\Device_Serial_Routines.o    #
#                    C:\SNAP\SNAP_100\Release\Obj\GS1011_Serial_Handlers.o    #
#                    C:\SNAP\SNAP_100\Release\Obj\SNAPSData.o                 #
#                    C:\SNAP\SNAP_100\Release\Obj\SNAPdata.o                  #
#                    C:\SNAP\SNAP_100\Release\Obj\main.o                      #
#                    C:\SNAP\SNAP_100\Release\Obj\stm8s_clk.o                 #
#                    C:\SNAP\SNAP_100\Release\Obj\stm8s_it.o                  #
#                    C:\SNAP\SNAP_100\Release\Obj\stm8s_uart1.o               #
#                    C:\SNAP\SNAP_100\Release\Obj\stm8s_uart3.o --redirect    #
#                    _Printf=_PrintfFullNoMb --redirect                       #
#                    _Scanf=_ScanfFullNoMb -o C:\SNAP\SNAP_100\Release\Exe\SN #
#                    AP_100.out --map C:\SNAP\SNAP_100\Release\List\SNAP_100. #
#                    map --config C:\SNAP\SNAP_100\lnkstm8s007c8.icf          #
#                    --config_def _CSTACK_SIZE=0x100 --config_def             #
#                    _HEAP_SIZE=0x100 --entry __iar_program_start             #
#                                                                             #
#                                                                             #
###############################################################################

*******************************************************************************
*** MESSAGES
***

Error[Li006]: duplicate definitions for "GS1011_Received_Data_Handler"; in
          "C:\SNAP\SNAP_100\Release\Obj\GS1011_Serial_Handlers.o", and
          "C:\SNAP\SNAP_100\Release\Obj\stm8s_uart1.o"
Error[Li006]: duplicate definitions for "GetNetworkStatusFromGS1011"; in
          "C:\SNAP\SNAP_100\Release\Obj\GS1011_Serial_Handlers.o", and
          "C:\SNAP\SNAP_100\Release\Obj\stm8s_uart1.o"
Error[Li006]: duplicate definitions for "GetResponseFromGS1011"; in
          "C:\SNAP\SNAP_100\Release\Obj\GS1011_Serial_Handlers.o", and
          "C:\SNAP\SNAP_100\Release\Obj\stm8s_uart1.o"
Error[Li006]: duplicate definitions for "SendUpdateToWebsite"; in
          "C:\SNAP\SNAP_100\Release\Obj\GS1011_Serial_Handlers.o", and
          "C:\SNAP\SNAP_100\Release\Obj\stm8s_uart1.o"
Error[Li006]: duplicate definitions for "Sending_GS1011_Data_Handler"; in
          "C:\SNAP\SNAP_100\Release\Obj\GS1011_Serial_Handlers.o", and
          "C:\SNAP\SNAP_100\Release\Obj\stm8s_uart1.o"
Error[Li006]: duplicate definitions for "SetupGS1011Association"; in
          "C:\SNAP\SNAP_100\Release\Obj\GS1011_Serial_Handlers.o", and
          "C:\SNAP\SNAP_100\Release\Obj\stm8s_uart1.o"
Error[Li006]: duplicate definitions for "Start_GS1011_Send"; in
          "C:\SNAP\SNAP_100\Release\Obj\GS1011_Serial_Handlers.o", and
          "C:\SNAP\SNAP_100\Release\Obj\stm8s_uart1.o"
Error[Li006]: duplicate definitions for "UART1_ClearFlag"; in
          "C:\SNAP\SNAP_100\Release\Obj\GS1011_Serial_Handlers.o", and
          "C:\SNAP\SNAP_100\Release\Obj\stm8s_uart1.o"
Error[Li006]: duplicate definitions for "UART1_ClearITPendingBit"; in
          "C:\SNAP\SNAP_100\Release\Obj\GS1011_Serial_Handlers.o", and
          "C:\SNAP\SNAP_100\Release\Obj\stm8s_uart1.o"
Error[Li006]: duplicate definitions for "UART1_Cmd"; in
          "C:\SNAP\SNAP_100\Release\Obj\GS1011_Serial_Handlers.o", and
          "C:\SNAP\SNAP_100\Release\Obj\stm8s_uart1.o"
Error[Li006]: duplicate definitions for "UART1_DeInit"; in
          "C:\SNAP\SNAP_100\Release\Obj\GS1011_Serial_Handlers.o", and
          "C:\SNAP\SNAP_100\Release\Obj\stm8s_uart1.o"
Error[Li006]: duplicate definitions for "UART1_GetFlagStatus"; in
          "C:\SNAP\SNAP_100\Release\Obj\GS1011_Serial_Handlers.o", and
          "C:\SNAP\SNAP_100\Release\Obj\stm8s_uart1.o"
Error[Li006]: duplicate definitions for "UART1_GetITStatus"; in
          "C:\SNAP\SNAP_100\Release\Obj\GS1011_Serial_Handlers.o", and
          "C:\SNAP\SNAP_100\Release\Obj\stm8s_uart1.o"
Error[Li006]: duplicate definitions for "UART1_HalfDuplexCmd"; in
          "C:\SNAP\SNAP_100\Release\Obj\GS1011_Serial_Handlers.o", and
          "C:\SNAP\SNAP_100\Release\Obj\stm8s_uart1.o"
Error[Li006]: duplicate definitions for "UART1_ITConfig"; in
          "C:\SNAP\SNAP_100\Release\Obj\GS1011_Serial_Handlers.o", and
          "C:\SNAP\SNAP_100\Release\Obj\stm8s_uart1.o"
Error[Li006]: duplicate definitions for "UART1_Init"; in
          "C:\SNAP\SNAP_100\Release\Obj\GS1011_Serial_Handlers.o", and
          "C:\SNAP\SNAP_100\Release\Obj\stm8s_uart1.o"
Error[Li006]: duplicate definitions for "UART1_IrDACmd"; in
          "C:\SNAP\SNAP_100\Release\Obj\GS1011_Serial_Handlers.o", and
          "C:\SNAP\SNAP_100\Release\Obj\stm8s_uart1.o"
Error[Li006]: duplicate definitions for "UART1_IrDAConfig"; in
          "C:\SNAP\SNAP_100\Release\Obj\GS1011_Serial_Handlers.o", and
          "C:\SNAP\SNAP_100\Release\Obj\stm8s_uart1.o"
Error[Li006]: duplicate definitions for "UART1_LINBreakDetectionConfig"; in
          "C:\SNAP\SNAP_100\Release\Obj\GS1011_Serial_Handlers.o", and
          "C:\SNAP\SNAP_100\Release\Obj\stm8s_uart1.o"
Error[Li006]: duplicate definitions for "UART1_LINCmd"; in
          "C:\SNAP\SNAP_100\Release\Obj\GS1011_Serial_Handlers.o", and
          "C:\SNAP\SNAP_100\Release\Obj\stm8s_uart1.o"
Error[Li006]: duplicate definitions for "UART1_ReceiveData8"; in
          "C:\SNAP\SNAP_100\Release\Obj\GS1011_Serial_Handlers.o", and
          "C:\SNAP\SNAP_100\Release\Obj\stm8s_uart1.o"
Error[Li006]: duplicate definitions for "UART1_ReceiveData9"; in
          "C:\SNAP\SNAP_100\Release\Obj\GS1011_Serial_Handlers.o", and
          "C:\SNAP\SNAP_100\Release\Obj\stm8s_uart1.o"
Error[Li006]: duplicate definitions for "UART1_ReceiverWakeUpCmd"; in
          "C:\SNAP\SNAP_100\Release\Obj\GS1011_Serial_Handlers.o", and
          "C:\SNAP\SNAP_100\Release\Obj\stm8s_uart1.o"
Error[Li006]: duplicate definitions for "UART1_SendBreak"; in
          "C:\SNAP\SNAP_100\Release\Obj\GS1011_Serial_Handlers.o", and
          "C:\SNAP\SNAP_100\Release\Obj\stm8s_uart1.o"
Error[Li006]: duplicate definitions for "UART1_SendData8"; in
          "C:\SNAP\SNAP_100\Release\Obj\GS1011_Serial_Handlers.o", and
          "C:\SNAP\SNAP_100\Release\Obj\stm8s_uart1.o"
Error[Li006]: duplicate definitions for "UART1_SendData9"; in
          "C:\SNAP\SNAP_100\Release\Obj\GS1011_Serial_Handlers.o", and
          "C:\SNAP\SNAP_100\Release\Obj\stm8s_uart1.o"
Error[Li006]: duplicate definitions for "UART1_SetAddress"; in
          "C:\SNAP\SNAP_100\Release\Obj\GS1011_Serial_Handlers.o", and
          "C:\SNAP\SNAP_100\Release\Obj\stm8s_uart1.o"
Error[Li006]: duplicate definitions for "UART1_SetGuardTime"; in
          "C:\SNAP\SNAP_100\Release\Obj\GS1011_Serial_Handlers.o", and
          "C:\SNAP\SNAP_100\Release\Obj\stm8s_uart1.o"
Error[Li006]: duplicate definitions for "UART1_SetPrescaler"; in
          "C:\SNAP\SNAP_100\Release\Obj\GS1011_Serial_Handlers.o", and
          "C:\SNAP\SNAP_100\Release\Obj\stm8s_uart1.o"
Error[Li006]: duplicate definitions for "UART1_SmartCardCmd"; in
          "C:\SNAP\SNAP_100\Release\Obj\GS1011_Serial_Handlers.o", and
          "C:\SNAP\SNAP_100\Release\Obj\stm8s_uart1.o"
Error[Li006]: duplicate definitions for "UART1_SmartCardNACKCmd"; in
          "C:\SNAP\SNAP_100\Release\Obj\GS1011_Serial_Handlers.o", and
          "C:\SNAP\SNAP_100\Release\Obj\stm8s_uart1.o"
Error[Li006]: duplicate definitions for "UART1_WakeUpConfig"; in
          "C:\SNAP\SNAP_100\Release\Obj\GS1011_Serial_Handlers.o", and
          "C:\SNAP\SNAP_100\Release\Obj\stm8s_uart1.o"


*******************************************************************************
*** RUNTIME MODEL ATTRIBUTES
***

__SystemLibrary            = DLib
__code_model               = small
__core                     = stm8
__data_model               = small
__dlib_file_descriptor     = 0
__dlib_full_locale_support = 0
__rt_version               = 4


*******************************************************************************
*** PLACEMENT SUMMARY
***

"A1":  place at start of [0x000000-0x0000ff] { rw section .vregs };
"P1":  place in [from 0x000000 to 0x0000ff] {
          rw section .tiny.bss, rw section .tiny.data, rw section .tiny.noinit,
          rw section .tiny.rodata };
"A2":  place at end of [0x000000-0x0007ff] { block CSTACK };
"A3":  place at start of [0x008000-0x00ffff] { block INTVEC };
"P3":  place in [from 0x008000 to 0x00ffff] {
          ro section .far.data_init, ro section .far_func.textrw_init,
          ro section .huge.data_init, ro section .huge_func.textrw_init,
          ro section .iar.init_table, ro section .init_array,
          ro section .near.data_init, ro section .near.rodata,
          ro section .near_func.text, ro section .near_func.textrw_init,
          ro section .tiny.data_init, ro section .tiny.rodata_init };

  Section          Kind      Address   Size  Object
  -------          ----      -------   ----  ------
"A1":                                  0x10
  .vregs           uninit   0x000000   0x10  vregs.o [4]
                          - 0x000010   0x10

"P1":                                  0x12
  .tiny.bss        zero     0x000010    0x2  stm8s_it.o [1]
  .tiny.bss        zero     0x000012    0x2  stm8s_it.o [1]
  .tiny.bss        zero     0x000014    0x2  stm8s_it.o [1]
  .tiny.bss        zero     0x000016    0x2  stm8s_it.o [1]
  .tiny.bss        zero     0x000018    0x2  stm8s_it.o [1]
  .tiny.bss        zero     0x00001a    0x2  stm8s_it.o [1]
  .tiny.bss        zero     0x00001c    0x2  stm8s_it.o [1]
  .tiny.bss        zero     0x00001e    0x2  stm8s_it.o [1]
  .tiny.bss        zero     0x000020    0x2  stm8s_it.o [1]
                          - 0x000022   0x12

"A2":                                 0x100
  CSTACK                    0x000700  0x100  <Block>
    CSTACK         uninit   0x000700  0x100  <Block tail>
                          - 0x000800  0x100

"A3":                                  0x80
  INTVEC                    0x008000   0x80  <Block>
    .intvec        const    0x008000   0x80  interrupt.o [4]
                          - 0x008080   0x80

"P3":                                 0x6fc
  .near_func.text  ro code  0x008080  0x197  GS1011_Serial_Handlers.o [1]
  .near_func.text  ro code  0x008217  0x133  stm8s_uart3.o [1]
  .near_func.text  ro code  0x00834a  0x12f  long.o [4]
  .near_func.text  ro code  0x008479   0x90  vreg_util.o [4]
  .near_func.text  ro code  0x008509   0x49  main.o [1]
  .near_func.text  ro code  0x008552   0x44  stm8s_it.o [1]
  .near_func.text  ro code  0x008596   0x3b  stm8s_clk.o [1]
  .near_func.text  ro code  0x0085d1   0x2c  dc_util.o [4]
  .near.rodata     const    0x0085fd   0x2a  GS1011_Serial_Handlers.o [1]
  .iar.init_table  const    0x008627    0x8  - Linker created -
  .near.rodata     const    0x00862f   0x1f  stm8s_uart3.o [1]
  .near_func.text  ro code  0x00864e   0x1e  init_small.o [4]
  .near_func.text  ro code  0x00866c   0x1b  main.o [1]
  .near_func.text  ro code  0x008687   0x19  main.o [1]
  .near_func.text  ro code  0x0086a0   0x18  long_util.o [4]
  .near_func.text  ro code  0x0086b8   0x17  init.o [4]
  .near_func.text  ro code  0x0086cf   0x16  main.o [1]
  .near_func.text  ro code  0x0086e5   0x15  main.o [1]
  .near_func.text  ro code  0x0086fa   0x13  cstartup.o [4]
  .near_func.text  ro code  0x00870d    0xb  GS1011_Serial_Handlers.o [1]
  .near_func.text  ro code  0x008718    0xb  stm8s_uart3.o [1]
  .near_func.text  ro code  0x008723    0x8  GS1011_Serial_Handlers.o [1]
  .near_func.text  ro code  0x00872b    0x8  stm8s_uart3.o [1]
  .near_func.text  ro code  0x008733    0x7  GS1011_Serial_Handlers.o [1]
  .near_func.text  ro code  0x00873a    0x7  GS1011_Serial_Handlers.o [1]
  .near_func.text  ro code  0x008741    0x7  stm8s_uart3.o [1]
  .near_func.text  ro code  0x008748    0x5  short.o [4]
  .near_func.text  ro code  0x00874d    0x5  cexit.o [4]
  .near.rodata     const    0x008752    0x4  stm8s_clk.o [1]
  .near_func.text  ro code  0x008756    0x3  interrupt.o [4]
  .near_func.text  ro code  0x008759    0x3  low_level_init.o [4]
  .near_func.text  ro code  0x00875c    0x3  exit.o [4]
  .near_func.text  ro code  0x00875f    0x3  unhandled_exception.o [4]
  .near_func.text  ro code  0x008762    0x2  xxexit.o [3]
  .near_func.text  ro code  0x008764    0x1  main.o [1]
  .near_func.text  ro code  0x008765    0x1  stm8s_it.o [1]
  .near_func.text  ro code  0x008766    0x1  stm8s_it.o [1]
  .near_func.text  ro code  0x008767    0x1  stm8s_it.o [1]
  .near_func.text  ro code  0x008768    0x1  stm8s_it.o [1]
  .near_func.text  ro code  0x008769    0x1  stm8s_it.o [1]
  .near_func.text  ro code  0x00876a    0x1  stm8s_it.o [1]
  .near_func.text  ro code  0x00876b    0x1  stm8s_it.o [1]
  .near_func.text  ro code  0x00876c    0x1  stm8s_it.o [1]
  .near_func.text  ro code  0x00876d    0x1  stm8s_it.o [1]
  .near_func.text  ro code  0x00876e    0x1  stm8s_it.o [1]
  .near_func.text  ro code  0x00876f    0x1  stm8s_it.o [1]
  .near_func.text  ro code  0x008770    0x1  stm8s_it.o [1]
  .near_func.text  ro code  0x008771    0x1  stm8s_it.o [1]
  .near_func.text  ro code  0x008772    0x1  stm8s_it.o [1]
  .near_func.text  ro code  0x008773    0x1  stm8s_it.o [1]
  .near_func.text  ro code  0x008774    0x1  stm8s_it.o [1]
  .near_func.text  ro code  0x008775    0x1  stm8s_it.o [1]
  .near_func.text  ro code  0x008776    0x1  stm8s_it.o [1]
  .near_func.text  ro code  0x008777    0x1  stm8s_it.o [1]
  .near_func.text  ro code  0x008778    0x1  stm8s_it.o [1]
  .near_func.text  ro code  0x008779    0x1  stm8s_it.o [1]
  .near_func.text  ro code  0x00877a    0x1  stm8s_it.o [1]
  .near_func.text  ro code  0x00877b    0x1  stm8s_it.o [1]
                          - 0x00877c  0x6fc


*******************************************************************************
*** INIT TABLE
***

          Address   Size
          -------   ----
Zero (__iar_zero_init2)
    1 destination range, total size 0x12:
          0x000010  0x12



*******************************************************************************
*** MODULE SUMMARY
***

    Module                    ro code  ro data  rw data
    ------                    -------  -------  -------
C:\SNAP\SNAP_100\Release\Obj: [1]
    GS1011_Serial_Handlers.o      440       42
    main.o                        169
    stm8s_clk.o                    59        4
    stm8s_it.o                     91                18
    stm8s_uart3.o                 333       31
    ---------------------------------------------------
    Total:                      1 092       77       18

command line: [2]
    ---------------------------------------------------
    Total:

dbgstm8ssn.a: [3]
    xxexit.o                        2
    ---------------------------------------------------
    Total:                          2

dlstm8ssn.a: [4]
    cexit.o                         5
    cstartup.o                     19
    dc_util.o                      44
    exit.o                          3
    init.o                         23
    init_small.o                   30
    interrupt.o                     3      128
    long.o                        303
    long_util.o                    24
    low_level_init.o                3
    short.o                         5
    unhandled_exception.o           3
    vreg_util.o                   144
    vregs.o                                          16
    ---------------------------------------------------
    Total:                        609      128       16

    Linker created                           8      256
-------------------------------------------------------
    Grand Total:                1 703      213      290


*******************************************************************************
*** ENTRY LIST
***

Entry                   Address   Size  Type      Object
-----                   -------   ----  ----      ------
?b0                    0x000000         Data  Gb  vregs.o [4]
?b1                    0x000001         Data  Gb  vregs.o [4]
?b10                   0x00000a         Data  Gb  vregs.o [4]
?b11                   0x00000b         Data  Gb  vregs.o [4]
?b12                   0x00000c         Data  Gb  vregs.o [4]
?b13                   0x00000d         Data  Gb  vregs.o [4]
?b14                   0x00000e         Data  Gb  vregs.o [4]
?b15                   0x00000f         Data  Gb  vregs.o [4]
?b2                    0x000002         Data  Gb  vregs.o [4]
?b3                    0x000003         Data  Gb  vregs.o [4]
?b4                    0x000004         Data  Gb  vregs.o [4]
?b5                    0x000005         Data  Gb  vregs.o [4]
?b6                    0x000006         Data  Gb  vregs.o [4]
?b7                    0x000007         Data  Gb  vregs.o [4]
?b8                    0x000008         Data  Gb  vregs.o [4]
?b9                    0x000009         Data  Gb  vregs.o [4]
?dc32_l0               0x0085d8         Code  Gb  dc_util.o [4]
?dc32_l1               0x0085e5         Code  Gb  dc_util.o [4]
?dc32_px               0x0085f2         Code  Gb  dc_util.o [4]
?dc8_px                0x0085d1         Code  Gb  dc_util.o [4]
?e0                    0x000001         Data  Gb  vregs.o [4]
?e1                    0x000005         Data  Gb  vregs.o [4]
?e2                    0x000009         Data  Gb  vregs.o [4]
?e3                    0x00000d         Data  Gb  vregs.o [4]
?epilogue_l2           0x0084d1         Code  Gb  vreg_util.o [4]
?epilogue_l2_l3        0x0084ce         Code  Gb  vreg_util.o [4]
?l0                    0x000000         Data  Gb  vregs.o [4]
?l1                    0x000004         Data  Gb  vregs.o [4]
?l2                    0x000008         Data  Gb  vregs.o [4]
?l3                    0x00000c         Data  Gb  vregs.o [4]
?load32_l0_0x          0x0086a0         Code  Gb  long_util.o [4]
?load32_l1_0x          0x0086ac         Code  Gb  long_util.o [4]
?mov_e0_e2             0x0084d8         Code  Gb  vreg_util.o [4]
?mov_e1_e2             0x0084e5         Code  Gb  vreg_util.o [4]
?mov_e2_e0             0x0084f2         Code  Gb  vreg_util.o [4]
?mov_e3_e0             0x0084ff         Code  Gb  vreg_util.o [4]
?mov_l0_l2             0x0084d5         Code  Gb  vreg_util.o [4]
?mov_l1_l2             0x0084e2         Code  Gb  vreg_util.o [4]
?mov_l2_l0             0x0084ef         Code  Gb  vreg_util.o [4]
?mov_l3_l0             0x0084fc         Code  Gb  vreg_util.o [4]
?mov_w1_w5             0x0084db         Code  Gb  vreg_util.o [4]
?mov_w3_w5             0x0084e8         Code  Gb  vreg_util.o [4]
?mov_w5_w1             0x0084f5         Code  Gb  vreg_util.o [4]
?mov_w7_w1             0x008502         Code  Gb  vreg_util.o [4]
?mul32_l0_l0_0x        0x008368         Code  Gb  long.o [4]
?mul32_l0_l0_dl        0x008365         Code  Gb  long.o [4]
?mul32_l0_l0_l1        0x008371         Code  Gb  long.o [4]
?pop_l1                0x0084a5         Code  Gb  vreg_util.o [4]
?pop_l2                0x0084b0         Code  Gb  vreg_util.o [4]
?pop_l3                0x0084bb         Code  Gb  vreg_util.o [4]
?push_l0               0x008479         Code  Gb  vreg_util.o [4]
?push_l2               0x00847e         Code  Gb  vreg_util.o [4]
?push_l3               0x008483         Code  Gb  vreg_util.o [4]
?sll32_0x_0x_a         0x00846b         Code  Gb  long.o [4]
?sll32_l0_l0_a         0x008468         Code  Gb  long.o [4]
?sll32_l0_l0_db        0x008464         Code  Gb  long.o [4]
?srl16_x_x_4           0x008748         Code  Gb  short.o [4]
?sub32_l0_l0_0x        0x00834d         Code  Gb  long.o [4]
?sub32_l0_l0_l1        0x00834a         Code  Gb  long.o [4]
?udiv32_l0_dl_l1       0x0083ef         Code  Gb  long.o [4]
?udiv32_l0_l0_dl       0x0083f4         Code  Gb  long.o [4]
?udiv32_l0_l0_l1       0x0083f7         Code  Gb  long.o [4]
?umod32_l1_l0_l1       0x0083f7         Code  Gb  long.o [4]
?w0                    0x000000         Data  Gb  vregs.o [4]
?w1                    0x000002         Data  Gb  vregs.o [4]
?w2                    0x000004         Data  Gb  vregs.o [4]
?w3                    0x000006         Data  Gb  vregs.o [4]
?w4                    0x000008         Data  Gb  vregs.o [4]
?w5                    0x00000a         Data  Gb  vregs.o [4]
?w6                    0x00000c         Data  Gb  vregs.o [4]
?w7                    0x00000e         Data  Gb  vregs.o [4]
ADC2_IRQHandler        0x008779    0x1  Code  Gb  stm8s_it.o [1]
AWU_IRQHandler         0x008767    0x1  Code  Gb  stm8s_it.o [1]
CLK_GetClockFreq       0x008596   0x3b  Code  Gb  stm8s_clk.o [1]
CLK_IRQHandler         0x008768    0x1  Code  Gb  stm8s_it.o [1]
CSTACK$$Base           0x000700          --   Gb  - Linker created -
CSTACK$$Limit          0x000800          --   Gb  - Linker created -
EEPROM_EEC_IRQHandler  0x00877b    0x1  Code  Gb  stm8s_it.o [1]
EEWRTimout             0x000010    0x2  Data  Gb  stm8s_it.o [1]
EXTI_PORTA_IRQHandler  0x008769    0x1  Code  Gb  stm8s_it.o [1]
EXTI_PORTB_IRQHandler  0x00876a    0x1  Code  Gb  stm8s_it.o [1]
EXTI_PORTC_IRQHandler  0x00876b    0x1  Code  Gb  stm8s_it.o [1]
EXTI_PORTD_IRQHandler  0x00876c    0x1  Code  Gb  stm8s_it.o [1]
EXTI_PORTE_IRQHandler  0x00876d    0x1  Code  Gb  stm8s_it.o [1]
FCTimer                0x00001e    0x2  Data  Gb  stm8s_it.o [1]
GPIO_Configuration     0x008509   0x49  Code  Gb  main.o [1]
HSIDivFactor           0x008752    0x4  Data  Gb  stm8s_clk.o [1]
I2C_IRQHandler         0x008776    0x1  Code  Gb  stm8s_it.o [1]
INTVEC$$Base           0x008000          --   Gb  - Linker created -
INTVEC$$Limit          0x008080          --   Gb  - Linker created -
LoopControlDelay       0x00001c    0x2  Data  Gb  stm8s_it.o [1]
Region$$Table$$Base    0x008627          --   Gb  - Linker created -
Region$$Table$$Limit   0x00862f          --   Gb  - Linker created -
SPI_IRQHandler         0x00876e    0x1  Code  Gb  stm8s_it.o [1]
SetCmdExitTimer        0x000018    0x2  Data  Gb  stm8s_it.o [1]
SetCmdTempTimer1       0x000014    0x2  Data  Gb  stm8s_it.o [1]
SetCmdTempTimer2       0x000016    0x2  Data  Gb  stm8s_it.o [1]
StartupTimer           0x000012    0x2  Data  Gb  stm8s_it.o [1]
SysOnOffTmr            0x00001a    0x2  Data  Gb  stm8s_it.o [1]
SysSSTimer             0x000020    0x2  Data  Gb  stm8s_it.o [1]
TIM1_CAP_COM_IRQHandler
                       0x00876f    0x1  Code  Gb  stm8s_it.o [1]
TIM1_UPD_OVF_TRG_BRK_IRQHandler
                       0x008552   0x44  Code  Gb  stm8s_it.o [1]
TIM2_CAP_COM_IRQHandler
                       0x008771    0x1  Code  Gb  stm8s_it.o [1]
TIM2_UPD_OVF_BRK_IRQHandler
                       0x008770    0x1  Code  Gb  stm8s_it.o [1]
TIM3_CAP_COM_IRQHandler
                       0x008773    0x1  Code  Gb  stm8s_it.o [1]
TIM3_UPD_OVF_BRK_IRQHandler
                       0x008772    0x1  Code  Gb  stm8s_it.o [1]
TIM4_UPD_OVF_IRQHandler
                       0x00877a    0x1  Code  Gb  stm8s_it.o [1]
TIMER1_Configuration   0x008687   0x19  Code  Gb  main.o [1]
TLI_IRQHandler         0x008766    0x1  Code  Gb  stm8s_it.o [1]
TRAP_IRQHandler        0x008765    0x1  Code  Gb  stm8s_it.o [1]
UART1_Init             0x008080  0x197  Code  Gb  GS1011_Serial_Handlers.o [1]
UART1_RX_IRQHandler    0x008775    0x1  Code  Gb  stm8s_it.o [1]
UART1_TX_IRQHandler    0x008774    0x1  Code  Gb  stm8s_it.o [1]
UART3_Init             0x008217  0x133  Code  Gb  stm8s_uart3.o [1]
UART3_RX_IRQHandler    0x008778    0x1  Code  Gb  stm8s_it.o [1]
UART3_TX_IRQHandler    0x008777    0x1  Code  Gb  stm8s_it.o [1]
__exit                 0x008762    0x2  Code  Gb  xxexit.o [3]
__iar_data_init2       0x0086b8   0x17  Code  Gb  init.o [4]
__iar_program_start    0x0086fa         Code  Gb  cstartup.o [4]
__iar_unhandled_exception
                       0x00875f         Code  Gb  unhandled_exception.o [4]
__iar_zero_init2       0x00864e         Code  Gb  init_small.o [4]
__intvec               0x008000         Data  Gb  interrupt.o [4]
__low_level_init       0x008759    0x3  Code  Gb  low_level_init.o [4]
_exit                  0x00874d         Code  Gb  cexit.o [4]
_interrupt_1           0x008765         Code  Gb  stm8s_it.o [1]
_interrupt_10          0x008756         Code  Wk  interrupt.o [4]
_interrupt_11          0x008756         Code  Wk  interrupt.o [4]
_interrupt_12          0x00876e         Code  Gb  stm8s_it.o [1]
_interrupt_13          0x008552         Code  Gb  stm8s_it.o [1]
_interrupt_14          0x00876f         Code  Gb  stm8s_it.o [1]
_interrupt_15          0x008770         Code  Gb  stm8s_it.o [1]
_interrupt_16          0x008771         Code  Gb  stm8s_it.o [1]
_interrupt_17          0x008772         Code  Gb  stm8s_it.o [1]
_interrupt_18          0x008773         Code  Gb  stm8s_it.o [1]
_interrupt_19          0x008774         Code  Gb  stm8s_it.o [1]
_interrupt_2           0x008766         Code  Gb  stm8s_it.o [1]
_interrupt_20          0x008775         Code  Gb  stm8s_it.o [1]
_interrupt_21          0x008776         Code  Gb  stm8s_it.o [1]
_interrupt_22          0x008777         Code  Gb  stm8s_it.o [1]
_interrupt_23          0x008778         Code  Gb  stm8s_it.o [1]
_interrupt_24          0x008779         Code  Gb  stm8s_it.o [1]
_interrupt_25          0x00877a         Code  Gb  stm8s_it.o [1]
_interrupt_26          0x00877b         Code  Gb  stm8s_it.o [1]
_interrupt_27          0x008756         Code  Wk  interrupt.o [4]
_interrupt_28          0x008756         Code  Wk  interrupt.o [4]
_interrupt_29          0x008756         Code  Wk  interrupt.o [4]
_interrupt_3           0x008767         Code  Gb  stm8s_it.o [1]
_interrupt_30          0x008756         Code  Wk  interrupt.o [4]
_interrupt_31          0x008756         Code  Wk  interrupt.o [4]
_interrupt_4           0x008768         Code  Gb  stm8s_it.o [1]
_interrupt_5           0x008769         Code  Gb  stm8s_it.o [1]
_interrupt_6           0x00876a         Code  Gb  stm8s_it.o [1]
_interrupt_7           0x00876b         Code  Gb  stm8s_it.o [1]
_interrupt_8           0x00876c         Code  Gb  stm8s_it.o [1]
_interrupt_9           0x00876d         Code  Gb  stm8s_it.o [1]
assert_failed          0x008764    0x1  Code  Gb  main.o [1]
exit                   0x00875c    0x3  Code  Gb  exit.o [4]
main                   0x00866c   0x1b  Code  Gb  main.o [1]


[1] = C:\SNAP\SNAP_100\Release\Obj
[2] = command line
[3] = dbgstm8ssn.a
[4] = dlstm8ssn.a

  1 703 bytes of readonly  code memory
    213 bytes of readonly  data memory
    290 bytes of readwrite data memory

Errors: 32
Warnings: none
