###############################################################################
#                                                                             #
# IAR ELF Linker V1.40.1.50106 for STM8                 09/Jul/2013  10:43:29 #
# Copyright 2010-2013 IAR Systems AB.                                         #
#                                                                             #
#    Output file  =  C:\7896_SNAP_110\Debug\Exe\SNAP_100.out                  #
#    Map file     =  C:\7896_SNAP_110\Debug\List\SNAP_100.map                 #
#    Command line =  C:\7896_SNAP_110\Debug\Obj\Device_Serial_Handlers.o      #
#                    C:\7896_SNAP_110\Debug\Obj\GS1011_Serial_Handlers.o      #
#                    C:\7896_SNAP_110\Debug\Obj\ParameterBlockHandlers.o      #
#                    C:\7896_SNAP_110\Debug\Obj\SNAPSData.o                   #
#                    C:\7896_SNAP_110\Debug\Obj\SNAPdata.o                    #
#                    C:\7896_SNAP_110\Debug\Obj\StringUtilities.o             #
#                    C:\7896_SNAP_110\Debug\Obj\main.o                        #
#                    C:\7896_SNAP_110\Debug\Obj\stm8s_clk.o                   #
#                    C:\7896_SNAP_110\Debug\Obj\stm8s_it.o                    #
#                    C:\7896_SNAP_110\Debug\Obj\utils.o --redirect            #
#                    _Printf=_PrintfFullNoMb --redirect                       #
#                    _Scanf=_ScanfFullNoMb -o C:\7896_SNAP_110\Debug\Exe\SNAP #
#                    _100.out --map C:\7896_SNAP_110\Debug\List\SNAP_100.map  #
#                    --log libraries,initialization,modules,redirects,section #
#                    s,unused_fragments --log_file                            #
#                    C:\7896_SNAP_110\Debug\List\SNAP_100.log --config        #
#                    C:\7896_SNAP_110\lnkstm8s007C8.icf --config_def          #
#                    _CSTACK_SIZE=0x100 --config_def _HEAP_SIZE=0x100         #
#                    --entry __iar_program_start --debug_lib                  #
#                                                                             #
#                                                                             #
###############################################################################

*******************************************************************************
*** RUNTIME MODEL ATTRIBUTES
***

__SystemLibrary            = DLib
__code_model               = medium_or_large
__core                     = stm8
__data_model               = medium
__dlib_file_descriptor     = 0
__dlib_full_locale_support = 0
__rt_version               = 4


*******************************************************************************
*** PLACEMENT SUMMARY
***

"A1":  place at start of [0x000000-0x0000ff] { rw section .vregs };
"A2":  place at end of [0x000000-0x0007ff] { block CSTACK };
"P2":  place in [from 0x000000 to 0x0007ff] {
          block HEAP, rw section .far.bss, rw section .far.data,
          rw section .far.noinit, rw section .far_func.textrw,
          rw section .huge.bss, rw section .huge.data, rw section .huge.noinit,
          rw section .huge_func.textrw, rw section .iar.dynexit,
          rw section .near.bss, rw section .near.data, rw section .near.noinit,
          rw section .near_func.textrw };
"A3":  place at start of [0x008000-0x00ffff] { block INTVEC };
"P3":  place in [from 0x008000 to 0x00ffff] {
          ro section .far.data_init, ro section .far_func.textrw_init,
          ro section .huge.data_init, ro section .huge_func.textrw_init,
          ro section .iar.init_table, ro section .init_array,
          ro section .near.data_init, ro section .near.rodata,
          ro section .near_func.text, ro section .near_func.textrw_init,
          ro section .tiny.data_init, ro section .tiny.rodata_init };
"P4":  place in [from 0x008000 to 0x00ffff] {
          ro section .far.rodata, ro section .far_func.text };

  Section          Kind      Address    Size  Object
  -------          ----      -------    ----  ------
"A1":                                   0x10
  .vregs           uninit   0x000000    0x10  vregs.o [4]
                          - 0x000010    0x10

"P2":                                  0x6dd
  .near.bss        zero     0x000010   0x200  SNAPdata.o [1]
  .near.bss        zero     0x000210   0x100  SNAPdata.o [1]
  .near.bss        zero     0x000310    0xff  SNAPdata.o [1]
  .near.bss        zero     0x00040f    0xff  SNAPdata.o [1]
  .near.bss        zero     0x00050e    0xff  SNAPdata.o [1]
  .near.bss        zero     0x00060d    0x80  SNAPdata.o [1]
  .near.bss        zero     0x00068d    0x10  SNAPdata.o [1]
  .near.bss        zero     0x00069d     0xf  SNAPdata.o [1]
  .near.bss        zero     0x0006ac     0x8  SNAPdata.o [1]
  .near.bss        zero     0x0006b4     0x6  SNAPdata.o [1]
  .near.bss        zero     0x0006ba     0x4  SNAPdata.o [1]
  .near.bss        zero     0x0006be     0x4  utils.o [1]
  .near.bss        zero     0x0006c2     0x2  SNAPdata.o [1]
  .near.bss        zero     0x0006c4     0x2  SNAPdata.o [1]
  .near.bss        zero     0x0006c6     0x2  SNAPdata.o [1]
  .near.bss        zero     0x0006c8     0x2  SNAPdata.o [1]
  .near.bss        zero     0x0006ca     0x2  SNAPdata.o [1]
  .near.bss        zero     0x0006cc     0x2  SNAPdata.o [1]
  .near.bss        zero     0x0006ce     0x2  SNAPdata.o [1]
  .near.bss        zero     0x0006d0     0x2  SNAPdata.o [1]
  .near.bss        zero     0x0006d2     0x1  SNAPdata.o [1]
  .near.bss        zero     0x0006d3     0x1  SNAPdata.o [1]
  .near.bss        zero     0x0006d4     0x1  SNAPdata.o [1]
  .near.bss        zero     0x0006d5     0x1  SNAPdata.o [1]
  .near.bss        zero     0x0006d6     0x1  SNAPdata.o [1]
  .near.bss        zero     0x0006d7     0x1  SNAPdata.o [1]
  .near.bss        zero     0x0006d8     0x1  SNAPdata.o [1]
  .near.bss        zero     0x0006d9     0x1  SNAPdata.o [1]
  .near.bss        zero     0x0006da     0x1  SNAPdata.o [1]
  .near.bss        zero     0x0006db     0x1  SNAPdata.o [1]
  .near.bss        zero     0x0006dc     0x1  SNAPdata.o [1]
  .near.bss        zero     0x0006dd     0x1  SNAPdata.o [1]
  .near.bss        zero     0x0006de     0x1  SNAPdata.o [1]
  .near.bss        zero     0x0006df     0x1  SNAPdata.o [1]
  .near.bss        zero     0x0006e0     0x1  SNAPdata.o [1]
  .near.bss        zero     0x0006e1     0x1  SNAPdata.o [1]
  .near.bss        zero     0x0006e2     0x1  SNAPdata.o [1]
  .near.bss        zero     0x0006e3     0x1  SNAPdata.o [1]
  .near.bss        zero     0x0006e4     0x1  SNAPdata.o [1]
  .near.bss        zero     0x0006e5     0x1  SNAPdata.o [1]
  .near.bss        zero     0x0006e6     0x1  SNAPdata.o [1]
  .near.bss        zero     0x0006e7     0x1  SNAPdata.o [1]
  .near.bss        zero     0x0006e8     0x1  SNAPdata.o [1]
  .near.bss        zero     0x0006e9     0x1  SNAPdata.o [1]
  .near.bss        zero     0x0006ea     0x1  SNAPdata.o [1]
  .near.bss        zero     0x0006eb     0x1  SNAPdata.o [1]
  .near.bss        zero     0x0006ec     0x1  SNAPdata.o [1]
                          - 0x0006ed   0x6dd

"A2":                                  0x100
  CSTACK                    0x000700   0x100  <Block>
    CSTACK         uninit   0x000700   0x100  <Block tail>
                          - 0x000800   0x100

"A3":                                   0x80
  INTVEC                    0x008000    0x80  <Block>
    .intvec        const    0x008000    0x80  interrupt.o [4]
                          - 0x008080    0x80

"P3":                                   0x61
  .near.rodata     const    0x008080    0x2a  Device_Serial_Handlers.o [1]
  .near.rodata     const    0x0080aa    0x2a  GS1011_Serial_Handlers.o [1]
  .iar.init_table  const    0x0080d4     0x9  - Linker created -
  .near.rodata     const    0x0080dd     0x4  stm8s_clk.o [1]
                          - 0x0080e1    0x61

"P4":                                 0x1c61
  .far_func.text   ro code  0x0080e1   0x264  GS1011_Serial_Handlers.o [1]
  .far_func.text   ro code  0x008345   0x219  utils.o [1]
  .far_func.text   ro code  0x00855e   0x1e6  Device_Serial_Handlers.o [1]
  .far_func.text   ro code  0x008744   0x162  ParameterBlockHandlers.o [1]
  .far_func.text   ro code  0x0088a6   0x144  long.o [4]
  .far_func.text   ro code  0x0089ea   0x107  vreg_util.o [4]
  .far_func.text   ro code  0x008af1    0xe5  main.o [1]
  .far_func.text   ro code  0x008bd6    0xd6  StringUtilities.o [1]
  .far.rodata      const    0x008cac    0xb0  SNAPSData.o [1]
  .far.rodata      const    0x008d5c    0x90  SNAPSData.o [1]
  .far_func.text   ro code  0x008dec    0x86  stm8s_clk.o [1]
  .far_func.text   ro code  0x008e72    0x73  Device_Serial_Handlers.o [1]
  .far_func.text   ro code  0x008ee5    0x62  utils.o [1]
  .far_func.text   ro code  0x008f47    0x59  GS1011_Serial_Handlers.o [1]
  .far_func.text   ro code  0x008fa0    0x58  dc_util.o [4]
  .far_func.text   ro code  0x008ff8    0x52  Device_Serial_Handlers.o [1]
  .far_func.text   ro code  0x00904a    0x4f  Device_Serial_Handlers.o [1]
  .far_func.text   ro code  0x009099    0x4d  ParameterBlockHandlers.o [1]
  .far_func.text   ro code  0x0090e6    0x4a  StringUtilities.o [1]
  .far_func.text   ro code  0x009130    0x49  main.o [1]
  .far_func.text   ro code  0x009179    0x48  GS1011_Serial_Handlers.o [1]
  .far_func.text   ro code  0x0091c1    0x48  StringUtilities.o [1]
  .far_func.text   ro code  0x009209    0x41  GS1011_Serial_Handlers.o [1]
  .far_func.text   ro code  0x00924a    0x41  StringUtilities.o [1]
  .far_func.text   ro code  0x00928b    0x3e  long_util.o [4]
  .far_func.text   ro code  0x0092c9    0x3d  stm8s_it.o [1]
  .far_func.text   ro code  0x009306    0x3c  GS1011_Serial_Handlers.o [1]
  .far_func.text   ro code  0x009342    0x3c  StringUtilities.o [1]
  .far_func.text   ro code  0x00937e    0x3b  StringUtilities.o [1]
  .far_func.text   ro code  0x0093b9    0x3a  GS1011_Serial_Handlers.o [1]
  .far_func.text   ro code  0x0093f3    0x39  Device_Serial_Handlers.o [1]
  .far_func.text   ro code  0x00942c    0x39  StringUtilities.o [1]
  .far_func.text   ro code  0x009465    0x38  GS1011_Serial_Handlers.o [1]
  .far_func.text   ro code  0x00949d    0x36  GS1011_Serial_Handlers.o [1]
  .far_func.text   ro code  0x0094d3    0x34  Device_Serial_Handlers.o [1]
  .far_func.text   ro code  0x009507    0x34  StringUtilities.o [1]
  .far_func.text   ro code  0x00953b    0x33  StringUtilities.o [1]
  .far_func.text   ro code  0x00956e    0x32  GS1011_Serial_Handlers.o [1]
  .far_func.text   ro code  0x0095a0    0x32  utils.o [1]
  .far_func.text   ro code  0x0095d2    0x31  Device_Serial_Handlers.o [1]
  .far.rodata      const    0x009603    0x2f  SNAPSData.o [1]
  .far_func.text   ro code  0x009632    0x2c  GS1011_Serial_Handlers.o [1]
  .far_func.text   ro code  0x00965e    0x2b  ParameterBlockHandlers.o [1]
  .far_func.text   ro code  0x009689    0x2a  StringUtilities.o [1]
  .far_func.text   ro code  0x0096b3    0x29  GS1011_Serial_Handlers.o [1]
  .far_func.text   ro code  0x0096dc    0x26  GS1011_Serial_Handlers.o [1]
  .far_func.text   ro code  0x009702    0x25  GS1011_Serial_Handlers.o [1]
  .far_func.text   ro code  0x009727    0x23  GS1011_Serial_Handlers.o [1]
  .far.rodata      const    0x00974a    0x21  SNAPSData.o [1]
  .far_func.text   ro code  0x00976b    0x20  Device_Serial_Handlers.o [1]
  .far_func.text   ro code  0x00978b    0x20  GS1011_Serial_Handlers.o [1]
  .far_func.text   ro code  0x0097ab    0x20  GS1011_Serial_Handlers.o [1]
  .far_func.text   ro code  0x0097cb    0x20  GS1011_Serial_Handlers.o [1]
  .far_func.text   ro code  0x0097eb    0x20  GS1011_Serial_Handlers.o [1]
  .far_func.text   ro code  0x00980b    0x20  GS1011_Serial_Handlers.o [1]
  .far_func.text   ro code  0x00982b    0x20  GS1011_Serial_Handlers.o [1]
  .far_func.text   ro code  0x00984b    0x20  GS1011_Serial_Handlers.o [1]
  .far_func.text   ro code  0x00986b    0x20  GS1011_Serial_Handlers.o [1]
  .far.rodata      const    0x00988b    0x1f  SNAPSData.o [1]
  .far_func.text   ro code  0x0098aa    0x1e  Device_Serial_Handlers.o [1]
  .far_func.text   ro code  0x0098c8    0x1e  short.o [4]
  .far_func.text   ro code  0x0098e6    0x1e  init.o [4]
  .far_func.text   ro code  0x009904    0x1e  init_small.o [4]
  .far.rodata      const    0x009922    0x1d  SNAPSData.o [1]
  .far.rodata      const    0x00993f    0x1c  SNAPSData.o [1]
  .far_func.text   ro code  0x00995b    0x1c  GS1011_Serial_Handlers.o [1]
  .far.rodata      const    0x009977    0x1b  SNAPSData.o [1]
  .far_func.text   ro code  0x009992    0x1b  ParameterBlockHandlers.o [1]
  .far_func.text   ro code  0x0099ad    0x1b  ParameterBlockHandlers.o [1]
  .far_func.text   ro code  0x0099c8    0x1b  stm8s_it.o [1]
  .far_func.text   ro code  0x0099e3    0x1b  stm8s_it.o [1]
  .far_func.text   ro code  0x0099fe    0x1b  stm8s_it.o [1]
  .far_func.text   ro code  0x009a19    0x1b  stm8s_it.o [1]
  .far_func.text   ro code  0x009a34    0x1a  GS1011_Serial_Handlers.o [1]
  .far_func.text   ro code  0x009a4e    0x19  Device_Serial_Handlers.o [1]
  .far_func.text   ro code  0x009a67    0x19  Device_Serial_Handlers.o [1]
  .far_func.text   ro code  0x009a80    0x19  main.o [1]
  .far_func.text   ro code  0x009a99    0x17  GS1011_Serial_Handlers.o [1]
  .far_func.text   ro code  0x009ab0    0x17  cstartup.o [4]
  .far_func.text   ro code  0x009ac7    0x16  Device_Serial_Handlers.o [1]
  .far_func.text   ro code  0x009add    0x16  Device_Serial_Handlers.o [1]
  .far_func.text   ro code  0x009af3    0x16  Device_Serial_Handlers.o [1]
  .far_func.text   ro code  0x009b09    0x16  Device_Serial_Handlers.o [1]
  .far_func.text   ro code  0x009b1f    0x16  Device_Serial_Handlers.o [1]
  .far_func.text   ro code  0x009b35    0x16  Device_Serial_Handlers.o [1]
  .far_func.text   ro code  0x009b4b    0x16  __dbg_xxexit.o [3]
  .far_func.text   ro code  0x009b61    0x15  Device_Serial_Handlers.o [1]
  .far_func.text   ro code  0x009b76    0x15  GS1011_Serial_Handlers.o [1]
  .far_func.text   ro code  0x009b8b    0x15  StringUtilities.o [1]
  .far_func.text   ro code  0x009ba0    0x15  main.o [1]
  .far.rodata      const    0x009bb5    0x14  SNAPSData.o [1]
  .far_func.text   ro code  0x009bc9    0x13  GS1011_Serial_Handlers.o [1]
  .far_func.text   ro code  0x009bdc    0x13  GS1011_Serial_Handlers.o [1]
  .far.rodata      const    0x009bef    0x11  SNAPSData.o [1]
  .far.rodata      const    0x009c00     0xf  SNAPSData.o [1]
  .far_func.text   ro code  0x009c0f     0xe  far_util.o [4]
  .far.rodata      const    0x009c1d     0xd  SNAPSData.o [1]
  .far.rodata      const    0x009c2a     0xd  SNAPSData.o [1]
  .far.rodata      const    0x009c37     0xd  SNAPSData.o [1]
  .far.rodata      const    0x009c44     0xc  SNAPSData.o [1]
  .far.rodata      const    0x009c50     0xc  SNAPSData.o [1]
  .far.rodata      const    0x009c5c     0xc  SNAPSData.o [1]
  .far.rodata      const    0x009c68     0xc  SNAPSData.o [1]
  .far.rodata      const    0x009c74     0xb  SNAPSData.o [1]
  .far.rodata      const    0x009c7f     0x9  SNAPSData.o [1]
  .far.rodata      const    0x009c88     0x9  SNAPSData.o [1]
  .far.rodata      const    0x009c91     0x9  SNAPSData.o [1]
  .far.rodata      const    0x009c9a     0x9  SNAPSData.o [1]
  .far.rodata      const    0x009ca3     0x9  SNAPSData.o [1]
  .far.rodata      const    0x009cac     0x9  SNAPSData.o [1]
  .far.rodata      const    0x009cb5     0x8  SNAPSData.o [1]
  .far.rodata      const    0x009cbd     0x7  SNAPSData.o [1]
  .far.rodata      const    0x009cc4     0x7  SNAPSData.o [1]
  .far.rodata      const    0x009ccb     0x7  SNAPSData.o [1]
  .far.rodata      const    0x009cd2     0x7  SNAPSData.o [1]
  .far.rodata      const    0x009cd9     0x7  SNAPSData.o [1]
  .far.rodata      const    0x009ce0     0x6  SNAPSData.o [1]
  .far.rodata      const    0x009ce6     0x6  SNAPSData.o [1]
  .far.rodata      const    0x009cec     0x6  SNAPSData.o [1]
  .far.rodata      const    0x009cf2     0x6  SNAPSData.o [1]
  .far.rodata      const    0x009cf8     0x6  SNAPSData.o [1]
  .far.rodata      const    0x009cfe     0x6  SNAPSData.o [1]
  .far_func.text   ro code  0x009d04     0x6  cexit.o [4]
  .far.rodata      const    0x009d0a     0x5  SNAPSData.o [1]
  .far.rodata      const    0x009d0f     0x5  SNAPSData.o [1]
  .far.rodata      const    0x009d14     0x4  SNAPSData.o [1]
  .far_func.text   ro code  0x009d18     0x4  interrupt.o [4]
  .far_func.text   ro code  0x009d1c     0x4  exit.o [4]
  .far.rodata      const    0x009d20     0x3  SNAPSData.o [1]
  .far.rodata      const    0x009d23     0x3  SNAPSData.o [1]
  .far_func.text   ro code  0x009d26     0x3  low_level_init.o [4]
  .far_func.text   ro code  0x009d29     0x3  unhandled_exception.o [4]
  .far_func.text   ro code  0x009d2c     0x1  GS1011_Serial_Handlers.o [1]
  .far_func.text   ro code  0x009d2d     0x1  main.o [1]
  .far_func.text   ro code  0x009d2e     0x1  stm8s_it.o [1]
  .far_func.text   ro code  0x009d2f     0x1  stm8s_it.o [1]
  .far_func.text   ro code  0x009d30     0x1  stm8s_it.o [1]
  .far_func.text   ro code  0x009d31     0x1  stm8s_it.o [1]
  .far_func.text   ro code  0x009d32     0x1  stm8s_it.o [1]
  .far_func.text   ro code  0x009d33     0x1  stm8s_it.o [1]
  .far_func.text   ro code  0x009d34     0x1  stm8s_it.o [1]
  .far_func.text   ro code  0x009d35     0x1  stm8s_it.o [1]
  .far_func.text   ro code  0x009d36     0x1  stm8s_it.o [1]
  .far_func.text   ro code  0x009d37     0x1  stm8s_it.o [1]
  .far_func.text   ro code  0x009d38     0x1  stm8s_it.o [1]
  .far_func.text   ro code  0x009d39     0x1  stm8s_it.o [1]
  .far_func.text   ro code  0x009d3a     0x1  stm8s_it.o [1]
  .far_func.text   ro code  0x009d3b     0x1  stm8s_it.o [1]
  .far_func.text   ro code  0x009d3c     0x1  stm8s_it.o [1]
  .far_func.text   ro code  0x009d3d     0x1  stm8s_it.o [1]
  .far_func.text   ro code  0x009d3e     0x1  stm8s_it.o [1]
  .far_func.text   ro code  0x009d3f     0x1  stm8s_it.o [1]
  .far_func.text   ro code  0x009d40     0x1  stm8s_it.o [1]
  .far_func.text   ro code  0x009d41     0x1  __dbg_break.o [3]
                          - 0x009d42  0x1c61


*******************************************************************************
*** INIT TABLE
***

          Address   Size
          -------   ----
Zero (__iar_zero_init2)
    1 destination range, total size 0x6dd:
          0x000010  0x6dd



*******************************************************************************
*** MODULE SUMMARY
***

    Module                    ro code  ro data  rw data
    ------                    -------  -------  -------
C:\7896_SNAP_110\Debug\Obj: [1]
    Device_Serial_Handlers.o    1 185       42
    GS1011_Serial_Handlers.o    1 704       42
    ParameterBlockHandlers.o      528
    SNAPSData.o                            818
    SNAPdata.o                                    1 753
    StringUtilities.o             767
    main.o                        349
    stm8s_clk.o                   134        4
    stm8s_it.o                    188
    utils.o                       685                 4
    ---------------------------------------------------
    Total:                      5 540      906    1 757

command line: [2]
    ---------------------------------------------------
    Total:

dbgstm8mmd.a: [3]
    __dbg_break.o                   1
    __dbg_xxexit.o                 22
    ---------------------------------------------------
    Total:                         23

dlstm8mmn.a: [4]
    cexit.o                         6
    cstartup.o                     23
    dc_util.o                      88
    exit.o                          4
    far_util.o                     14
    init.o                         30
    init_small.o                   30
    interrupt.o                     4      128
    long.o                        324
    long_util.o                    62
    low_level_init.o                3
    short.o                        30
    unhandled_exception.o           3
    vreg_util.o                   263
    vregs.o                                          16
    ---------------------------------------------------
    Total:                        884      128       16

    Linker created                           9      256
-------------------------------------------------------
    Grand Total:                6 447    1 043    2 029


*******************************************************************************
*** ENTRY LIST
***

Entry                    Address   Size  Type      Object
-----                    -------   ----  ----      ------
?add32_l0_l0_0x         0x0088a6         Code  Gb  long.o [4]
?b0                     0x000000         Data  Gb  vregs.o [4]
?b1                     0x000001         Data  Gb  vregs.o [4]
?b10                    0x00000a         Data  Gb  vregs.o [4]
?b11                    0x00000b         Data  Gb  vregs.o [4]
?b12                    0x00000c         Data  Gb  vregs.o [4]
?b13                    0x00000d         Data  Gb  vregs.o [4]
?b14                    0x00000e         Data  Gb  vregs.o [4]
?b15                    0x00000f         Data  Gb  vregs.o [4]
?b2                     0x000002         Data  Gb  vregs.o [4]
?b3                     0x000003         Data  Gb  vregs.o [4]
?b4                     0x000004         Data  Gb  vregs.o [4]
?b5                     0x000005         Data  Gb  vregs.o [4]
?b6                     0x000006         Data  Gb  vregs.o [4]
?b7                     0x000007         Data  Gb  vregs.o [4]
?b8                     0x000008         Data  Gb  vregs.o [4]
?b9                     0x000009         Data  Gb  vregs.o [4]
?dc32_l0                0x008fa0         Code  Gb  dc_util.o [4]
?dc32_l1                0x008fcc         Code  Gb  dc_util.o [4]
?e0                     0x000001         Data  Gb  vregs.o [4]
?e1                     0x000005         Data  Gb  vregs.o [4]
?e2                     0x000009         Data  Gb  vregs.o [4]
?e3                     0x00000d         Data  Gb  vregs.o [4]
?epilogue_l2            0x008a96         Code  Gb  vreg_util.o [4]
?epilogue_l2_l3         0x008a92         Code  Gb  vreg_util.o [4]
?epilogue_l2_w6         0x008a9b         Code  Gb  vreg_util.o [4]
?epilogue_w4            0x008aa4         Code  Gb  vreg_util.o [4]
?l0                     0x000000         Data  Gb  vregs.o [4]
?l1                     0x000004         Data  Gb  vregs.o [4]
?l2                     0x000008         Data  Gb  vregs.o [4]
?l3                     0x00000c         Data  Gb  vregs.o [4]
?load24_e1_0x           0x009c0f         Code  Gb  far_util.o [4]
?load32_0x_l0           0x0092bb         Code  Gb  long_util.o [4]
?load32_l0_0x           0x0092a5         Code  Gb  long_util.o [4]
?load32_l0_asp          0x009299         Code  Gb  long_util.o [4]
?load32_l0_dbsp         0x00928b         Code  Gb  long_util.o [4]
?load32_l0_xsp          0x00929b         Code  Gb  long_util.o [4]
?load32_xsp_l0          0x0092b1         Code  Gb  long_util.o [4]
?mov_e0_e2              0x008ab3         Code  Gb  vreg_util.o [4]
?mov_e0_e3              0x008ac0         Code  Gb  vreg_util.o [4]
?mov_e1_e0              0x008acd         Code  Gb  vreg_util.o [4]
?mov_e2_e0              0x008ada         Code  Gb  vreg_util.o [4]
?mov_e3_e0              0x008ae7         Code  Gb  vreg_util.o [4]
?mov_l0_l2              0x008ab0         Code  Gb  vreg_util.o [4]
?mov_l0_l3              0x008abd         Code  Gb  vreg_util.o [4]
?mov_l1_l0              0x008aca         Code  Gb  vreg_util.o [4]
?mov_l2_l0              0x008ad7         Code  Gb  vreg_util.o [4]
?mov_l3_l0              0x008ae4         Code  Gb  vreg_util.o [4]
?mov_w1_w5              0x008ab6         Code  Gb  vreg_util.o [4]
?mov_w1_w7              0x008ac3         Code  Gb  vreg_util.o [4]
?mov_w3_w1              0x008ad0         Code  Gb  vreg_util.o [4]
?mov_w4_w2              0x008aa9         Code  Gb  vreg_util.o [4]
?mov_w5_w1              0x008add         Code  Gb  vreg_util.o [4]
?mov_w7_w1              0x008aea         Code  Gb  vreg_util.o [4]
?mul16_x_x_w0           0x0098c8         Code  Gb  short.o [4]
?mul32_l0_l0_l1         0x0088d9         Code  Gb  long.o [4]
?pop_l0                 0x008a5a         Code  Gb  vreg_util.o [4]
?pop_l1                 0x008a65         Code  Gb  vreg_util.o [4]
?pop_l2                 0x008a70         Code  Gb  vreg_util.o [4]
?pop_l3                 0x008a7b         Code  Gb  vreg_util.o [4]
?pop_w4                 0x008a0b         Code  Gb  vreg_util.o [4]
?pop_w6                 0x008a12         Code  Gb  vreg_util.o [4]
?push_l0                0x008a25         Code  Gb  vreg_util.o [4]
?push_l1                0x008a2a         Code  Gb  vreg_util.o [4]
?push_l2                0x008a2f         Code  Gb  vreg_util.o [4]
?push_l3                0x008a34         Code  Gb  vreg_util.o [4]
?push_w4                0x0089ea         Code  Gb  vreg_util.o [4]
?push_w6                0x0089ef         Code  Gb  vreg_util.o [4]
?sext32_l0_x            0x0089df         Code  Gb  long.o [4]
?sll32_0x_0x_a          0x0089d1         Code  Gb  long.o [4]
?sll32_l0_l0_a          0x0089ce         Code  Gb  long.o [4]
?sub32_l0_l0_0x         0x0088c1         Code  Gb  long.o [4]
?sub32_l0_l0_l1         0x0088be         Code  Gb  long.o [4]
?udiv32_l0_dl_l1        0x008957         Code  Gb  long.o [4]
?udiv32_l0_l0_dl        0x00895d         Code  Gb  long.o [4]
?udiv32_l0_l0_l1        0x008961         Code  Gb  long.o [4]
?umod32_l1_l0_l1        0x008961         Code  Gb  long.o [4]
?w0                     0x000000         Data  Gb  vregs.o [4]
?w1                     0x000002         Data  Gb  vregs.o [4]
?w2                     0x000004         Data  Gb  vregs.o [4]
?w3                     0x000006         Data  Gb  vregs.o [4]
?w4                     0x000008         Data  Gb  vregs.o [4]
?w5                     0x00000a         Data  Gb  vregs.o [4]
?w6                     0x00000c         Data  Gb  vregs.o [4]
?w7                     0x00000e         Data  Gb  vregs.o [4]
ACKMessage              0x009c9a    0x9  Data  Gb  SNAPSData.o [1]
ACK_message_response_number
                        0x0006e7    0x1  Data  Gb  SNAPdata.o [1]
ADC2_IRQHandler         0x009d3e    0x1  Code  Gb  stm8s_it.o [1]
ASCII_Request1Message   0x009c2a    0xd  Data  Gb  SNAPSData.o [1]
ASCII_RequestMessage    0x009c1d    0xd  Data  Gb  SNAPSData.o [1]
AWU_IRQHandler          0x009d30    0x1  Code  Gb  stm8s_it.o [1]
AdaptorReady            0x009c88    0x9  Data  Gb  SNAPSData.o [1]
Add_Char_to_GS1011_Buffer
                        0x009b8b   0x15  Code  Gb  StringUtilities.o [1]
Add_String_to_GS1011_Buffer
                        0x009507   0x34  Code  Gb  StringUtilities.o [1]
Add_String_to_GS1011_BufferCounted
                        0x0091c1   0x48  Code  Gb  StringUtilities.o [1]
B2ASCBuf                0x0006ac    0x8  Data  Gb  SNAPdata.o [1]
BIN2ASC                 0x008345  0x219  Code  Gb  utils.o [1]
CID_Value               0x0006ec    0x1  Data  Gb  SNAPdata.o [1]
CLK_GetClockFreq        0x008dec   0x86  Code  Gb  stm8s_clk.o [1]
CLK_IRQHandler          0x009d31    0x1  Code  Gb  stm8s_it.o [1]
CSTACK$$Base            0x000700          --   Gb  - Linker created -
CSTACK$$Limit           0x000800          --   Gb  - Linker created -
Check_Checksum_Device_Buffer
                        0x008e72   0x73  Code  Gb  Device_Serial_Handlers.o [1]
Check_Device_Input      0x00976b   0x20  Code  Gb  Device_Serial_Handlers.o [1]
Cigar_update            0x008d5c   0x90  Data  Gb  SNAPSData.o [1]
ClearW0Message          0x009cbd    0x7  Data  Gb  SNAPSData.o [1]
ClearW1Message          0x009cc4    0x7  Data  Gb  SNAPSData.o [1]
ClearY0Message          0x009ccb    0x7  Data  Gb  SNAPSData.o [1]
Clear_PHeaderBuffer     0x0099ad   0x1b  Code  Gb  ParameterBlockHandlers.o [1]
ConfiguringAdaptor      0x009c91    0x9  Data  Gb  SNAPSData.o [1]
ConnectionType_CONF11_message
                        0x00988b   0x1f  Data  Gb  SNAPSData.o [1]
Convert_update_and_Send
                        0x009209   0x41  Code  Gb  GS1011_Serial_Handlers.o [1]
CopyBufferDevice        0x00937e   0x3b  Code  Gb  StringUtilities.o [1]
CopyBufferGS1011        0x009342   0x3c  Code  Gb  StringUtilities.o [1]
CopySerialNumber        0x00924a   0x41  Code  Gb  StringUtilities.o [1]
Copy_Stock_Send_Message
                        0x00995b   0x1c  Code  Gb  GS1011_Serial_Handlers.o [1]
DNSLOOKUP_Message       0x009922   0x1d  Data  Gb  SNAPSData.o [1]
Device_Processing_Buffer
                        0x00050e   0xff  Data  Gb  SNAPdata.o [1]
Device_RX_InPtr         0x0006d6    0x1  Data  Gb  SNAPdata.o [1]
Device_RX_OutPtr        0x0006d7    0x1  Data  Gb  SNAPdata.o [1]
Device_Rcvr_Complete_flag
                        0x0006d8    0x1  Data  Gb  SNAPdata.o [1]
Device_Rcvr_EOM_Timer   0x0006db    0x1  Data  Gb  SNAPdata.o [1]
Device_Rcvr_Timeout     0x0006dc    0x1  Data  Gb  SNAPdata.o [1]
Device_Rcvr_char        0x0006da    0x1  Data  Gb  SNAPdata.o [1]
Device_Receiver_Buffer  0x000310   0xff  Data  Gb  SNAPdata.o [1]
Device_Serial_number    0x00068d   0x10  Data  Gb  SNAPdata.o [1]
Device_Update_Ready_for_Website_flag
                        0x0006d9    0x1  Data  Gb  SNAPdata.o [1]
Device_Xmit_Buffer      0x00060d   0x80  Data  Gb  SNAPdata.o [1]
Device_Xmit_Char        0x0006de    0x1  Data  Gb  SNAPdata.o [1]
Device_Xmit_Char_Count  0x0006e1    0x1  Data  Gb  SNAPdata.o [1]
Device_Xmit_Complete_Flag
                        0x0006dd    0x1  Data  Gb  SNAPdata.o [1]
Device_Xmit_Pointer     0x0006df    0x1  Data  Gb  SNAPdata.o [1]
Device_Xmit_Setup_Char_Pointer
                        0x0006e0    0x1  Data  Gb  SNAPdata.o [1]
DisassociateMessage     0x009cd2    0x7  Data  Gb  SNAPSData.o [1]
DisassociateWeb         0x00980b   0x20  Code  Gb  GS1011_Serial_Handlers.o [1]
Dummy_update            0x008cac   0xb0  Data  Gb  SNAPSData.o [1]
EEPROM_EEC_IRQHandler   0x009d40    0x1  Code  Gb  stm8s_it.o [1]
ERRORmsg                0x009ce0    0x6  Data  Gb  SNAPSData.o [1]
EXTI_PORTA_IRQHandler   0x009d32    0x1  Code  Gb  stm8s_it.o [1]
EXTI_PORTB_IRQHandler   0x009d33    0x1  Code  Gb  stm8s_it.o [1]
EXTI_PORTC_IRQHandler   0x009d34    0x1  Code  Gb  stm8s_it.o [1]
EXTI_PORTD_IRQHandler   0x009d35    0x1  Code  Gb  stm8s_it.o [1]
EXTI_PORTE_IRQHandler   0x009d36    0x1  Code  Gb  stm8s_it.o [1]
FillBuffer              0x009689   0x2a  Code  Gb  StringUtilities.o [1]
FindGS1011Chars         0x008bd6   0xd6  Code  Gb  StringUtilities.o [1]
ForceFactoryResetMessage
                        0x009cec    0x6  Data  Gb  SNAPSData.o [1]
Found_String_At_Byte    0x0006c8    0x2  Data  Gb  SNAPdata.o [1]
GPIO_Configuration      0x009130   0x49  Code  Gb  main.o [1]
GS1011_Rcvr_Char        0x0006e4    0x1  Data  Gb  SNAPdata.o [1]
GS1011_Rcvr_EOM_Timer   0x0006e2    0x1  Data  Gb  SNAPdata.o [1]
GS1011_Rcvr_InPtr       0x0006ca    0x2  Data  Gb  SNAPdata.o [1]
GS1011_Rcvr_OutPtr      0x0006cc    0x2  Data  Gb  SNAPdata.o [1]
GS1011_Rcvr_Pointer     0x0006d0    0x2  Data  Gb  SNAPdata.o [1]
GS1011_Rcvr_Timeout     0x0006e3    0x1  Data  Gb  SNAPdata.o [1]
GS1011_Received_Data_Handler
                        0x0093b9   0x3a  Code  Gb  GS1011_Serial_Handlers.o [1]
GS1011_Received_Response_Flag
                        0x0006e5    0x1  Data  Gb  SNAPdata.o [1]
GS1011_Receiver_Buffer  0x000010  0x200  Data  Gb  SNAPdata.o [1]
GS1011_Rvcr_Count       0x0006ce    0x2  Data  Gb  SNAPdata.o [1]
GS1011_String_Found     0x0006e6    0x1  Data  Gb  SNAPdata.o [1]
GS1011_Xmit_Buffer      0x000210  0x100  Data  Gb  SNAPdata.o [1]
GS1011_Xmit_Char        0x0006eb    0x1  Data  Gb  SNAPdata.o [1]
GS1011_Xmit_Char_Count  0x0006e9    0x1  Data  Gb  SNAPdata.o [1]
GS1011_Xmit_Pointer     0x0006e8    0x1  Data  Gb  SNAPdata.o [1]
GS1011_Xmit_Setup_Char_Pointer
                        0x0006ea    0x1  Data  Gb  SNAPdata.o [1]
GetNSTATMessage         0x009c5c    0xc  Data  Gb  SNAPSData.o [1]
GetNSTAT_ResponseFromGS1011
                        0x00949d   0x36  Code  Gb  GS1011_Serial_Handlers.o [1]
GetNetworkStatusFromGS1011
                        0x009702   0x25  Code  Gb  GS1011_Serial_Handlers.o [1]
GetProfileMessage       0x009cfe    0x6  Data  Gb  SNAPSData.o [1]
GetResetResponseFromGS1011
                        0x009bdc   0x13  Code  Gb  GS1011_Serial_Handlers.o [1]
GetResponseFromGS1011   0x009bc9   0x13  Code  Gb  GS1011_Serial_Handlers.o [1]
Get_Device_Char         0x0094d3   0x34  Code  Gb  Device_Serial_Handlers.o [1]
Get_Website_IP_address  0x008f47   0x59  Code  Gb  GS1011_Serial_Handlers.o [1]
Get_Website_Response_and_Respond
                        0x009d2c    0x1  Code  Gb  GS1011_Serial_Handlers.o [1]
Get_any_ResponseFromGS1011
                        0x0096b3   0x29  Code  Gb  GS1011_Serial_Handlers.o [1]
Good_Response           0x009d0f    0x5  Data  Gb  SNAPSData.o [1]
HSIDivFactor            0x0080dd    0x4  Data  Gb  stm8s_clk.o [1]
HTTPOPEN_FULL_MESSAGE   0x00993f   0x1c  Data  Gb  SNAPSData.o [1]
HTTPOPEN_Get_CID        0x0096dc   0x26  Code  Gb  GS1011_Serial_Handlers.o [1]
I2C_IRQHandler          0x009d3d    0x1  Code  Gb  stm8s_it.o [1]
INTVEC$$Base            0x008000          --   Gb  - Linker created -
INTVEC$$Limit           0x008080          --   Gb  - Linker created -
IPmsg                   0x009d14    0x4  Data  Gb  SNAPSData.o [1]
InitDeviceUART          0x0098aa   0x1e  Code  Gb  Device_Serial_Handlers.o [1]
InitGS1011UART          0x009a34   0x1a  Code  Gb  GS1011_Serial_Handlers.o [1]
InitializeDeviceBuffer  0x00953b   0x33  Code  Gb  StringUtilities.o [1]
InitializeGS1011Buffer  0x00942c   0x39  Code  Gb  StringUtilities.o [1]
Initialize_Device_receiver_buffer
                        0x009b61   0x15  Code  Gb  Device_Serial_Handlers.o [1]
Int2ASCII               0x008ee5   0x62  Code  Gb  utils.o [1]
KeepAlive_CONF3_Message
                        0x009977   0x1b  Data  Gb  SNAPSData.o [1]
LocalSum                0x0006be    0x4  Data  Gb  utils.o [1]
Make_Send_Update_to_website
                        0x009632   0x2c  Code  Gb  GS1011_Serial_Handlers.o [1]
Make_Website_Update_from_Processing_Buffer
                        0x008744  0x162  Code  Gb  ParameterBlockHandlers.o [1]
NWCONN_Response         0x009cb5    0x8  Data  Gb  SNAPSData.o [1]
OKAYmsg                 0x009d20    0x3  Data  Gb  SNAPSData.o [1]
PHeaderBuffer           0x0006b4    0x6  Data  Gb  SNAPdata.o [1]
PNumber                 0x0006d4    0x1  Data  Gb  SNAPdata.o [1]
PacketCount             0x0006d5    0x1  Data  Gb  SNAPdata.o [1]
Packet_Data_Buffer      0x00040f   0xff  Data  Gb  SNAPdata.o [1]
Packet_Data_Pointer     0x0006c4    0x2  Data  Gb  SNAPdata.o [1]
Powered                 0x009c7f    0x9  Data  Gb  SNAPSData.o [1]
ProcessPtr              0x0006c2    0x2  Data  Gb  SNAPdata.o [1]
Process_Received_Update
                        0x0095d2   0x31  Code  Gb  Device_Serial_Handlers.o [1]
Process_Receiver_Device_Message
                        0x008ff8   0x52  Code  Gb  Device_Serial_Handlers.o [1]
Processing_Byte_Count   0x0006c6    0x2  Data  Gb  SNAPdata.o [1]
RCC_Configuration       0x009ba0   0x15  Code  Gb  main.o [1]
Region$$Table$$Base     0x0080d4          --   Gb  - Linker created -
Region$$Table$$Limit    0x0080dd          --   Gb  - Linker created -
Request1Message         0x009c50    0xc  Data  Gb  SNAPSData.o [1]
RequestMessage          0x009c44    0xc  Data  Gb  SNAPSData.o [1]
ResendMessage           0x009ca3    0x9  Data  Gb  SNAPSData.o [1]
ResetAdaptor            0x0097eb   0x20  Code  Gb  GS1011_Serial_Handlers.o [1]
ResetAdaptorMessage     0x009c74    0xb  Data  Gb  SNAPSData.o [1]
Reset_Network_Access    0x0097cb   0x20  Code  Gb  GS1011_Serial_Handlers.o [1]
SNAP_State              0x0006d2    0x1  Data  Gb  SNAPdata.o [1]
SPI_IRQHandler          0x009d37    0x1  Code  Gb  stm8s_it.o [1]
SWReset_Response        0x009cf8    0x6  Data  Gb  SNAPSData.o [1]
SendShutEchoOff         0x009b76   0x15  Code  Gb  GS1011_Serial_Handlers.o [1]
SendWA_Init             0x009306   0x3c  Code  Gb  GS1011_Serial_Handlers.o [1]
SendWM_2                0x00984b   0x20  Code  Gb  GS1011_Serial_Handlers.o [1]
SendYouThereMessageToGS1011
                        0x009a99   0x17  Code  Gb  GS1011_Serial_Handlers.o [1]
Send_AdaptorReady_Message
                        0x009add   0x16  Code  Gb  Device_Serial_Handlers.o [1]
Send_ConfiguringAdaptor_Message
                        0x009af3   0x16  Code  Gb  Device_Serial_Handlers.o [1]
Send_Next_Char_to_Device
                        0x00904a   0x4f  Code  Gb  Device_Serial_Handlers.o [1]
Send_Powered            0x009a4e   0x19  Code  Gb  Device_Serial_Handlers.o [1]
Send_Request1_Message   0x009b35   0x16  Code  Gb  Device_Serial_Handlers.o [1]
Send_Request_Message    0x009b1f   0x16  Code  Gb  Device_Serial_Handlers.o [1]
Send_Resend_Message     0x009b09   0x16  Code  Gb  Device_Serial_Handlers.o [1]
Send_powered_Message    0x009ac7   0x16  Code  Gb  Device_Serial_Handlers.o [1]
Sending_GS1011_Data_Handler
                        0x009465   0x38  Code  Gb  GS1011_Serial_Handlers.o [1]
SendtoWebsiteHeader     0x009c37    0xd  Data  Gb  SNAPSData.o [1]
SendtoWebsiteHeader1    0x00974a   0x21  Data  Gb  SNAPSData.o [1]
SetDHCPSRVRMessage      0x009c00    0xf  Data  Gb  SNAPSData.o [1]
SetInitialIPAddressMessage
                        0x009603   0x2f  Data  Gb  SNAPSData.o [1]
SetNDHCPMessage         0x009c68    0xc  Data  Gb  SNAPSData.o [1]
SetProvisioning         0x009727   0x23  Code  Gb  GS1011_Serial_Handlers.o [1]
SetSerialNumberasAccessPointHeader
                        0x009cd9    0x7  Data  Gb  SNAPSData.o [1]
SetSerialNumberasAccessPointTail
                        0x009cf2    0x6  Data  Gb  SNAPSData.o [1]
SetWEBPROVMessage       0x009bb5   0x14  Data  Gb  SNAPSData.o [1]
SetWM2Message           0x009cac    0x9  Data  Gb  SNAPSData.o [1]
Set_FactoryReset        0x009179   0x48  Code  Gb  GS1011_Serial_Handlers.o [1]
Set_Keep_Alive          0x0097ab   0x20  Code  Gb  GS1011_Serial_Handlers.o [1]
Set_Mars_as_Website     0x00978b   0x20  Code  Gb  GS1011_Serial_Handlers.o [1]
SetupSendInitialIPAddress
                        0x00982b   0x20  Code  Gb  GS1011_Serial_Handlers.o [1]
ShutOffEchoMessage      0x009ce6    0x6  Data  Gb  SNAPSData.o [1]
Start_Device_Xmit       0x0093f3   0x39  Code  Gb  Device_Serial_Handlers.o [1]
Start_GS1011_Send       0x00956e   0x32  Code  Gb  GS1011_Serial_Handlers.o [1]
TIM1_CAP_COM_IRQHandler
                        0x009d38    0x1  Code  Gb  stm8s_it.o [1]
TIM1_UPD_OVF_TRG_BRK_IRQHandler
                        0x0092c9   0x3d  Code  Gb  stm8s_it.o [1]
TIM2_CAP_COM_IRQHandler
                        0x009d3a    0x1  Code  Gb  stm8s_it.o [1]
TIM2_UPD_OVF_BRK_IRQHandler
                        0x009d39    0x1  Code  Gb  stm8s_it.o [1]
TIM3_CAP_COM_IRQHandler
                        0x009d3c    0x1  Code  Gb  stm8s_it.o [1]
TIM3_UPD_OVF_BRK_IRQHandler
                        0x009d3b    0x1  Code  Gb  stm8s_it.o [1]
TIM4_UPD_OVF_IRQHandler
                        0x009d3f    0x1  Code  Gb  stm8s_it.o [1]
TIMER1_Configuration    0x009a80   0x19  Code  Gb  main.o [1]
TLI_IRQHandler          0x009d2f    0x1  Code  Gb  stm8s_it.o [1]
TRAP_IRQHandler         0x009d2e    0x1  Code  Gb  stm8s_it.o [1]
UART1_Init              0x0080e1  0x264  Code  Gb  GS1011_Serial_Handlers.o [1]
UART1_RX_IRQHandler     0x0099e3   0x1b  Code  Gb  stm8s_it.o [1]
UART1_TX_IRQHandler     0x0099c8   0x1b  Code  Gb  stm8s_it.o [1]
UART3_Init              0x00855e  0x1e6  Code  Gb  Device_Serial_Handlers.o [1]
UART3_RX_IRQHandler     0x009a19   0x1b  Code  Gb  stm8s_it.o [1]
UART3_TX_IRQHandler     0x0099fe   0x1b  Code  Gb  stm8s_it.o [1]
WSTATECONNECTEDmsg      0x009bef   0x11  Data  Gb  SNAPSData.o [1]
Wait_For_Update         0x009a67   0x19  Code  Gb  Device_Serial_Handlers.o [1]
YouThereMessage         0x009d0a    0x5  Data  Gb  SNAPSData.o [1]
__DebugBreak            0x009d41    0x1  Code  Gb  __dbg_break.o [3]
__exit                  0x009b4b   0x16  Code  Gb  __dbg_xxexit.o [3]
__iar_data_init2        0x0098e6   0x1e  Code  Gb  init.o [4]
__iar_program_start     0x009ab0         Code  Gb  cstartup.o [4]
__iar_unhandled_exception
                        0x009d29         Code  Gb  unhandled_exception.o [4]
__iar_zero_init2        0x009904         Code  Gb  init_small.o [4]
__intvec                0x008000         Data  Gb  interrupt.o [4]
__low_level_init        0x009d26    0x3  Code  Gb  low_level_init.o [4]
_exit                   0x009d04         Code  Gb  cexit.o [4]
_interrupt_1            0x009d2e         Code  Gb  stm8s_it.o [1]
_interrupt_10           0x009d18         Code  Wk  interrupt.o [4]
_interrupt_11           0x009d18         Code  Wk  interrupt.o [4]
_interrupt_12           0x009d37         Code  Gb  stm8s_it.o [1]
_interrupt_13           0x0092c9         Code  Gb  stm8s_it.o [1]
_interrupt_14           0x009d38         Code  Gb  stm8s_it.o [1]
_interrupt_15           0x009d39         Code  Gb  stm8s_it.o [1]
_interrupt_16           0x009d3a         Code  Gb  stm8s_it.o [1]
_interrupt_17           0x009d3b         Code  Gb  stm8s_it.o [1]
_interrupt_18           0x009d3c         Code  Gb  stm8s_it.o [1]
_interrupt_19           0x0099c8         Code  Gb  stm8s_it.o [1]
_interrupt_2            0x009d2f         Code  Gb  stm8s_it.o [1]
_interrupt_20           0x0099e3         Code  Gb  stm8s_it.o [1]
_interrupt_21           0x009d3d         Code  Gb  stm8s_it.o [1]
_interrupt_22           0x0099fe         Code  Gb  stm8s_it.o [1]
_interrupt_23           0x009a19         Code  Gb  stm8s_it.o [1]
_interrupt_24           0x009d3e         Code  Gb  stm8s_it.o [1]
_interrupt_25           0x009d3f         Code  Gb  stm8s_it.o [1]
_interrupt_26           0x009d40         Code  Gb  stm8s_it.o [1]
_interrupt_27           0x009d18         Code  Wk  interrupt.o [4]
_interrupt_28           0x009d18         Code  Wk  interrupt.o [4]
_interrupt_29           0x009d18         Code  Wk  interrupt.o [4]
_interrupt_3            0x009d30         Code  Gb  stm8s_it.o [1]
_interrupt_30           0x009d18         Code  Wk  interrupt.o [4]
_interrupt_31           0x009d18         Code  Wk  interrupt.o [4]
_interrupt_4            0x009d31         Code  Gb  stm8s_it.o [1]
_interrupt_5            0x009d32         Code  Gb  stm8s_it.o [1]
_interrupt_6            0x009d33         Code  Gb  stm8s_it.o [1]
_interrupt_7            0x009d34         Code  Gb  stm8s_it.o [1]
_interrupt_8            0x009d35         Code  Gb  stm8s_it.o [1]
_interrupt_9            0x009d36         Code  Gb  stm8s_it.o [1]
assert_failed           0x009d2d    0x1  Code  Gb  main.o [1]
checksum_Okay           0x0006d3    0x1  Data  Gb  SNAPdata.o [1]
clearB2ASCBuf           0x0095a0   0x32  Code  Gb  utils.o [1]
clear_tempblock         0x009992   0x1b  Code  Gb  ParameterBlockHandlers.o [1]
copyPHeaderToWebsite    0x00965e   0x2b  Code  Gb  ParameterBlockHandlers.o [1]
copy_buffer_from_offset_to_terminator
                        0x0090e6   0x4a  Code  Gb  StringUtilities.o [1]
exit                    0x009d1c    0x4  Code  Gb  exit.o [4]
main                    0x008af1   0xe5  Code  Gb  main.o [1]
makePNumberHeader       0x009099   0x4d  Code  Gb  ParameterBlockHandlers.o [1]
pheader                 0x009d23    0x3  Data  Gb  SNAPSData.o [1]
setDHCPSRVR             0x00986b   0x20  Code  Gb  GS1011_Serial_Handlers.o [1]
tempblock               0x0006ba    0x4  Data  Gb  SNAPdata.o [1]
website_IP_Address      0x00069d    0xf  Data  Gb  SNAPdata.o [1]


[1] = C:\7896_SNAP_110\Debug\Obj
[2] = command line
[3] = dbgstm8mmd.a
[4] = dlstm8mmn.a

  6 447 bytes of readonly  code memory
  1 043 bytes of readonly  data memory
  2 029 bytes of readwrite data memory

Errors: none
Warnings: none
