###############################################################################
#                                                                             #
# IAR ELF Linker V1.40.1.50106 for STM8                 17/Jul/2013  08:20:56 #
# Copyright 2010-2013 IAR Systems AB.                                         #
#                                                                             #
#    Output file  =  C:\Users\jurban\Documents\GitHub\7896_SNAP_100\Debug\Exe #
#                    \SNAP_110.out                                            #
#    Map file     =  C:\Users\jurban\Documents\GitHub\7896_SNAP_100\Debug\Lis #
#                    t\SNAP_110.map                                           #
#    Command line =  C:\Users\jurban\Documents\GitHub\7896_SNAP_100\Debug\Obj #
#                    \Device_Serial_Handlers.o C:\Users\jurban\Documents\GitH #
#                    ub\7896_SNAP_100\Debug\Obj\GS1011_Serial_Handlers.o      #
#                    C:\Users\jurban\Documents\GitHub\7896_SNAP_100\Debug\Obj #
#                    \ParameterBlockHandlers.o C:\Users\jurban\Documents\GitH #
#                    ub\7896_SNAP_100\Debug\Obj\SNAPSData.o                   #
#                    C:\Users\jurban\Documents\GitHub\7896_SNAP_100\Debug\Obj #
#                    \SNAPdata.o C:\Users\jurban\Documents\GitHub\7896_SNAP_1 #
#                    00\Debug\Obj\StringUtilities.o                           #
#                    C:\Users\jurban\Documents\GitHub\7896_SNAP_100\Debug\Obj #
#                    \main.o C:\Users\jurban\Documents\GitHub\7896_SNAP_100\D #
#                    ebug\Obj\stm8s_clk.o C:\Users\jurban\Documents\GitHub\78 #
#                    96_SNAP_100\Debug\Obj\stm8s_it.o                         #
#                    C:\Users\jurban\Documents\GitHub\7896_SNAP_100\Debug\Obj #
#                    \utils.o --redirect _Printf=_PrintfFullNoMb --redirect   #
#                    _Scanf=_ScanfFullNoMb -o C:\Users\jurban\Documents\GitHu #
#                    b\7896_SNAP_100\Debug\Exe\SNAP_110.out --map             #
#                    C:\Users\jurban\Documents\GitHub\7896_SNAP_100\Debug\Lis #
#                    t\SNAP_110.map --log libraries,initialization,modules,re #
#                    directs,sections,unused_fragments --log_file             #
#                    C:\Users\jurban\Documents\GitHub\7896_SNAP_100\Debug\Lis #
#                    t\SNAP_110.log --config C:\Users\jurban\Documents\GitHub #
#                    \7896_SNAP_100\lnkstm8s007C8.icf --config_def            #
#                    _CSTACK_SIZE=0x100 --config_def _HEAP_SIZE=0x100         #
#                    --entry __iar_program_start --debug_lib                  #
#                                                                             #
#                                                                             #
###############################################################################

*******************************************************************************
*** RUNTIME MODEL ATTRIBUTES
***

__SystemLibrary            = DLib
__code_model               = medium_or_large
__core                     = stm8
__data_model               = medium
__dlib_file_descriptor     = 0
__dlib_full_locale_support = 0
__rt_version               = 4


*******************************************************************************
*** PLACEMENT SUMMARY
***

"A1":  place at start of [0x000000-0x0000ff] { rw section .vregs };
"A2":  place at end of [0x000000-0x0007ff] { block CSTACK };
"P2":  place in [from 0x000000 to 0x0007ff] {
          block HEAP, rw section .far.bss, rw section .far.data,
          rw section .far.noinit, rw section .far_func.textrw,
          rw section .huge.bss, rw section .huge.data, rw section .huge.noinit,
          rw section .huge_func.textrw, rw section .iar.dynexit,
          rw section .near.bss, rw section .near.data, rw section .near.noinit,
          rw section .near_func.textrw };
"A3":  place at start of [0x008000-0x00ffff] { block INTVEC };
"P3":  place in [from 0x008000 to 0x00ffff] {
          ro section .far.data_init, ro section .far_func.textrw_init,
          ro section .huge.data_init, ro section .huge_func.textrw_init,
          ro section .iar.init_table, ro section .init_array,
          ro section .near.data_init, ro section .near.rodata,
          ro section .near_func.text, ro section .near_func.textrw_init,
          ro section .tiny.data_init, ro section .tiny.rodata_init };
"P4":  place in [from 0x008000 to 0x00ffff] {
          ro section .far.rodata, ro section .far_func.text };

  Section          Kind      Address    Size  Object
  -------          ----      -------    ----  ------
"A1":                                   0x10
  .vregs           uninit   0x000000    0x10  vregs.o [4]
                          - 0x000010    0x10

"P2":                                  0x667
  .near.bss        zero     0x000010   0x200  SNAPdata.o [1]
  .near.bss        zero     0x000210    0xff  SNAPdata.o [1]
  .near.bss        zero     0x00030f    0xff  SNAPdata.o [1]
  .near.bss        zero     0x00040e    0x80  SNAPdata.o [1]
  .near.bss        zero     0x00048e    0x80  SNAPdata.o [1]
  .near.bss        zero     0x00050e    0x80  SNAPdata.o [1]
  .near.bss        zero     0x00058e    0x80  SNAPdata.o [1]
  .near.bss        zero     0x00060e    0x10  SNAPdata.o [1]
  .near.bss        zero     0x00061e     0xf  SNAPdata.o [1]
  .near.bss        zero     0x00062d     0xa  SNAPdata.o [1]
  .near.bss        zero     0x000637     0x6  SNAPdata.o [1]
  .near.bss        zero     0x00063d     0x4  SNAPdata.o [1]
  .near.bss        zero     0x000641     0x4  SNAPdata.o [1]
  .near.bss        zero     0x000645     0x4  utils.o [1]
  .near.bss        zero     0x000649     0x3  SNAPdata.o [1]
  .near.bss        zero     0x00064c     0x2  SNAPdata.o [1]
  .near.bss        zero     0x00064e     0x2  SNAPdata.o [1]
  .near.bss        zero     0x000650     0x2  SNAPdata.o [1]
  .near.bss        zero     0x000652     0x2  SNAPdata.o [1]
  .near.bss        zero     0x000654     0x2  SNAPdata.o [1]
  .near.bss        zero     0x000656     0x2  SNAPdata.o [1]
  .near.bss        zero     0x000658     0x2  SNAPdata.o [1]
  .near.bss        zero     0x00065a     0x1  SNAPdata.o [1]
  .near.bss        zero     0x00065b     0x1  SNAPdata.o [1]
  .near.bss        zero     0x00065c     0x1  SNAPdata.o [1]
  .near.bss        zero     0x00065d     0x1  SNAPdata.o [1]
  .near.bss        zero     0x00065e     0x1  SNAPdata.o [1]
  .near.bss        zero     0x00065f     0x1  SNAPdata.o [1]
  .near.bss        zero     0x000660     0x1  SNAPdata.o [1]
  .near.bss        zero     0x000661     0x1  SNAPdata.o [1]
  .near.bss        zero     0x000662     0x1  SNAPdata.o [1]
  .near.bss        zero     0x000663     0x1  SNAPdata.o [1]
  .near.bss        zero     0x000664     0x1  SNAPdata.o [1]
  .near.bss        zero     0x000665     0x1  SNAPdata.o [1]
  .near.bss        zero     0x000666     0x1  SNAPdata.o [1]
  .near.bss        zero     0x000667     0x1  SNAPdata.o [1]
  .near.bss        zero     0x000668     0x1  SNAPdata.o [1]
  .near.bss        zero     0x000669     0x1  SNAPdata.o [1]
  .near.bss        zero     0x00066a     0x1  SNAPdata.o [1]
  .near.bss        zero     0x00066b     0x1  SNAPdata.o [1]
  .near.bss        zero     0x00066c     0x1  SNAPdata.o [1]
  .near.bss        zero     0x00066d     0x1  SNAPdata.o [1]
  .near.bss        zero     0x00066e     0x1  SNAPdata.o [1]
  .near.bss        zero     0x00066f     0x1  SNAPdata.o [1]
  .near.bss        zero     0x000670     0x1  SNAPdata.o [1]
  .near.bss        zero     0x000671     0x1  SNAPdata.o [1]
  .near.bss        zero     0x000672     0x1  SNAPdata.o [1]
  .near.bss        zero     0x000673     0x1  SNAPdata.o [1]
  .near.bss        zero     0x000674     0x1  SNAPdata.o [1]
  .near.bss        zero     0x000675     0x1  SNAPdata.o [1]
  .near.bss        zero     0x000676     0x1  SNAPdata.o [1]
                          - 0x000677   0x667

"A2":                                  0x100
  CSTACK                    0x000700   0x100  <Block>
    CSTACK         uninit   0x000700   0x100  <Block tail>
                          - 0x000800   0x100

"A3":                                   0x80
  INTVEC                    0x008000    0x80  <Block>
    .intvec        const    0x008000    0x80  interrupt.o [4]
                          - 0x008080    0x80

"P3":                                   0x9d
  .near.rodata     const    0x008080    0x48  Device_Serial_Handlers.o [1]
  .near.rodata     const    0x0080c8    0x48  GS1011_Serial_Handlers.o [1]
  .iar.init_table  const    0x008110     0x9  - Linker created -
  .near.rodata     const    0x008119     0x4  stm8s_clk.o [1]
                          - 0x00811d    0x9d

"P4":                                 0x216b
  .far_func.text   ro code  0x00811d   0x31e  utils.o [1]
  .far_func.text   ro code  0x00843b   0x264  GS1011_Serial_Handlers.o [1]
  .far_func.text   ro code  0x00869f   0x1e6  Device_Serial_Handlers.o [1]
  .far_func.text   ro code  0x008885   0x1af  ParameterBlockHandlers.o [1]
  .far_func.text   ro code  0x008a34   0x144  long.o [4]
  .far_func.text   ro code  0x008b78   0x112  StringUtilities.o [1]
  .far_func.text   ro code  0x008c8a   0x107  vreg_util.o [4]
  .far_func.text   ro code  0x008d91    0xdc  main.o [1]
  .far_func.text   ro code  0x008e6d    0xd6  StringUtilities.o [1]
  .far_func.text   ro code  0x008f43    0xc8  Device_Serial_Handlers.o [1]
  .far.rodata      const    0x00900b    0xb0  SNAPSData.o [1]
  .far_func.text   ro code  0x0090bb    0x93  utils.o [1]
  .far.rodata      const    0x00914e    0x90  SNAPSData.o [1]
  .far_func.text   ro code  0x0091de    0x86  stm8s_clk.o [1]
  .far_func.text   ro code  0x009264    0x7a  Device_Serial_Handlers.o [1]
  .far_func.text   ro code  0x0092de    0x78  Device_Serial_Handlers.o [1]
  .far_func.text   ro code  0x009356    0x72  Device_Serial_Handlers.o [1]
  .far_func.text   ro code  0x0093c8    0x71  GS1011_Serial_Handlers.o [1]
  .far_func.text   ro code  0x009439    0x66  Device_Serial_Handlers.o [1]
  .far_func.text   ro code  0x00949f    0x60  GS1011_Serial_Handlers.o [1]
  .far_func.text   ro code  0x0094ff    0x59  GS1011_Serial_Handlers.o [1]
  .far_func.text   ro code  0x009558    0x58  dc_util.o [4]
  .far_func.text   ro code  0x0095b0    0x4f  Device_Serial_Handlers.o [1]
  .far_func.text   ro code  0x0095ff    0x4f  ParameterBlockHandlers.o [1]
  .far_func.text   ro code  0x00964e    0x4a  StringUtilities.o [1]
  .far_func.text   ro code  0x009698    0x49  main.o [1]
  .far_func.text   ro code  0x0096e1    0x48  GS1011_Serial_Handlers.o [1]
  .far_func.text   ro code  0x009729    0x48  StringUtilities.o [1]
  .far_func.text   ro code  0x009771    0x40  Device_Serial_Handlers.o [1]
  .far_func.text   ro code  0x0097b1    0x40  StringUtilities.o [1]
  .far_func.text   ro code  0x0097f1    0x3e  long_util.o [4]
  .far_func.text   ro code  0x00982f    0x3d  stm8s_it.o [1]
  .far_func.text   ro code  0x00986c    0x3c  GS1011_Serial_Handlers.o [1]
  .far_func.text   ro code  0x0098a8    0x3c  StringUtilities.o [1]
  .far_func.text   ro code  0x0098e4    0x3a  GS1011_Serial_Handlers.o [1]
  .far_func.text   ro code  0x00991e    0x39  StringUtilities.o [1]
  .far_func.text   ro code  0x009957    0x38  GS1011_Serial_Handlers.o [1]
  .far_func.text   ro code  0x00998f    0x36  GS1011_Serial_Handlers.o [1]
  .far_func.text   ro code  0x0099c5    0x34  StringUtilities.o [1]
  .far_func.text   ro code  0x0099f9    0x32  GS1011_Serial_Handlers.o [1]
  .far_func.text   ro code  0x009a2b    0x32  utils.o [1]
  .far_func.text   ro code  0x009a5d    0x31  Device_Serial_Handlers.o [1]
  .far_func.text   ro code  0x009a8e    0x31  Device_Serial_Handlers.o [1]
  .far.rodata      const    0x009abf    0x2f  SNAPSData.o [1]
  .far_func.text   ro code  0x009aee    0x2f  StringUtilities.o [1]
  .far_func.text   ro code  0x009b1d    0x2b  ParameterBlockHandlers.o [1]
  .far_func.text   ro code  0x009b48    0x2b  StringUtilities.o [1]
  .far_func.text   ro code  0x009b73    0x2a  StringUtilities.o [1]
  .far_func.text   ro code  0x009b9d    0x29  GS1011_Serial_Handlers.o [1]
  .far_func.text   ro code  0x009bc6    0x26  GS1011_Serial_Handlers.o [1]
  .far_func.text   ro code  0x009bec    0x25  GS1011_Serial_Handlers.o [1]
  .far_func.text   ro code  0x009c11    0x23  GS1011_Serial_Handlers.o [1]
  .far.rodata      const    0x009c34    0x21  SNAPSData.o [1]
  .far_func.text   ro code  0x009c55    0x20  Device_Serial_Handlers.o [1]
  .far_func.text   ro code  0x009c75    0x20  Device_Serial_Handlers.o [1]
  .far_func.text   ro code  0x009c95    0x20  GS1011_Serial_Handlers.o [1]
  .far_func.text   ro code  0x009cb5    0x20  GS1011_Serial_Handlers.o [1]
  .far_func.text   ro code  0x009cd5    0x20  GS1011_Serial_Handlers.o [1]
  .far_func.text   ro code  0x009cf5    0x20  GS1011_Serial_Handlers.o [1]
  .far_func.text   ro code  0x009d15    0x20  GS1011_Serial_Handlers.o [1]
  .far_func.text   ro code  0x009d35    0x20  GS1011_Serial_Handlers.o [1]
  .far_func.text   ro code  0x009d55    0x20  GS1011_Serial_Handlers.o [1]
  .far_func.text   ro code  0x009d75    0x20  GS1011_Serial_Handlers.o [1]
  .far.rodata      const    0x009d95    0x1f  SNAPSData.o [1]
  .far_func.text   ro code  0x009db4    0x1e  Device_Serial_Handlers.o [1]
  .far_func.text   ro code  0x009dd2    0x1e  short.o [4]
  .far_func.text   ro code  0x009df0    0x1e  init.o [4]
  .far_func.text   ro code  0x009e0e    0x1e  init_small.o [4]
  .far.rodata      const    0x009e2c    0x1d  SNAPSData.o [1]
  .far.rodata      const    0x009e49    0x1c  SNAPSData.o [1]
  .far_func.text   ro code  0x009e65    0x1c  GS1011_Serial_Handlers.o [1]
  .far_func.text   ro code  0x009e81    0x1c  utils.o [1]
  .far.rodata      const    0x009e9d    0x1b  SNAPSData.o [1]
  .far_func.text   ro code  0x009eb8    0x1b  Device_Serial_Handlers.o [1]
  .far_func.text   ro code  0x009ed3    0x1b  ParameterBlockHandlers.o [1]
  .far_func.text   ro code  0x009eee    0x1b  ParameterBlockHandlers.o [1]
  .far_func.text   ro code  0x009f09    0x1b  StringUtilities.o [1]
  .far_func.text   ro code  0x009f24    0x1b  stm8s_it.o [1]
  .far_func.text   ro code  0x009f3f    0x1b  stm8s_it.o [1]
  .far_func.text   ro code  0x009f5a    0x1b  stm8s_it.o [1]
  .far_func.text   ro code  0x009f75    0x1b  stm8s_it.o [1]
  .far_func.text   ro code  0x009f90    0x1a  GS1011_Serial_Handlers.o [1]
  .far_func.text   ro code  0x009faa    0x1a  StringUtilities.o [1]
  .far_func.text   ro code  0x009fc4    0x19  Device_Serial_Handlers.o [1]
  .far_func.text   ro code  0x009fdd    0x19  StringUtilities.o [1]
  .far_func.text   ro code  0x009ff6    0x19  main.o [1]
  .far_func.text   ro code  0x00a00f    0x17  GS1011_Serial_Handlers.o [1]
  .far_func.text   ro code  0x00a026    0x17  cstartup.o [4]
  .far_func.text   ro code  0x00a03d    0x16  Device_Serial_Handlers.o [1]
  .far_func.text   ro code  0x00a053    0x16  Device_Serial_Handlers.o [1]
  .far_func.text   ro code  0x00a069    0x16  Device_Serial_Handlers.o [1]
  .far_func.text   ro code  0x00a07f    0x16  Device_Serial_Handlers.o [1]
  .far_func.text   ro code  0x00a095    0x16  Device_Serial_Handlers.o [1]
  .far_func.text   ro code  0x00a0ab    0x16  __dbg_xxexit.o [3]
  .far.rodata      const    0x00a0c1    0x15  SNAPSData.o [1]
  .far_func.text   ro code  0x00a0d6    0x15  GS1011_Serial_Handlers.o [1]
  .far_func.text   ro code  0x00a0eb    0x15  StringUtilities.o [1]
  .far_func.text   ro code  0x00a100    0x15  main.o [1]
  .far.rodata      const    0x00a115    0x14  SNAPSData.o [1]
  .far_func.text   ro code  0x00a129    0x13  GS1011_Serial_Handlers.o [1]
  .far_func.text   ro code  0x00a13c    0x13  GS1011_Serial_Handlers.o [1]
  .far.rodata      const    0x00a14f    0x11  SNAPSData.o [1]
  .far.rodata      const    0x00a160     0xf  SNAPSData.o [1]
  .far_func.text   ro code  0x00a16f     0xe  far_util.o [4]
  .far.rodata      const    0x00a17d     0xd  SNAPSData.o [1]
  .far_func.text   ro code  0x00a18a     0xd  Device_Serial_Handlers.o [1]
  .far.rodata      const    0x00a197     0xc  SNAPSData.o [1]
  .far.rodata      const    0x00a1a3     0xc  SNAPSData.o [1]
  .far.rodata      const    0x00a1af     0xb  SNAPSData.o [1]
  .far.rodata      const    0x00a1ba     0x9  SNAPSData.o [1]
  .far.rodata      const    0x00a1c3     0x9  SNAPSData.o [1]
  .far.rodata      const    0x00a1cc     0x9  SNAPSData.o [1]
  .far.rodata      const    0x00a1d5     0x9  SNAPSData.o [1]
  .far.rodata      const    0x00a1de     0x9  SNAPSData.o [1]
  .far.rodata      const    0x00a1e7     0x9  SNAPSData.o [1]
  .far.rodata      const    0x00a1f0     0x8  SNAPSData.o [1]
  .far.rodata      const    0x00a1f8     0x7  SNAPSData.o [1]
  .far.rodata      const    0x00a1ff     0x7  SNAPSData.o [1]
  .far.rodata      const    0x00a206     0x7  SNAPSData.o [1]
  .far.rodata      const    0x00a20d     0x7  SNAPSData.o [1]
  .far.rodata      const    0x00a214     0x7  SNAPSData.o [1]
  .far.rodata      const    0x00a21b     0x7  SNAPSData.o [1]
  .far.rodata      const    0x00a222     0x6  SNAPSData.o [1]
  .far.rodata      const    0x00a228     0x6  SNAPSData.o [1]
  .far.rodata      const    0x00a22e     0x6  SNAPSData.o [1]
  .far.rodata      const    0x00a234     0x6  SNAPSData.o [1]
  .far.rodata      const    0x00a23a     0x6  SNAPSData.o [1]
  .far.rodata      const    0x00a240     0x6  SNAPSData.o [1]
  .far_func.text   ro code  0x00a246     0x6  cexit.o [4]
  .far.rodata      const    0x00a24c     0x5  SNAPSData.o [1]
  .far.rodata      const    0x00a251     0x5  SNAPSData.o [1]
  .far.rodata      const    0x00a256     0x5  SNAPSData.o [1]
  .far.rodata      const    0x00a25b     0x4  SNAPSData.o [1]
  .far_func.text   ro code  0x00a25f     0x4  interrupt.o [4]
  .far_func.text   ro code  0x00a263     0x4  exit.o [4]
  .far.rodata      const    0x00a267     0x3  SNAPSData.o [1]
  .far.rodata      const    0x00a26a     0x3  SNAPSData.o [1]
  .far_func.text   ro code  0x00a26d     0x3  low_level_init.o [4]
  .far_func.text   ro code  0x00a270     0x3  unhandled_exception.o [4]
  .far_func.text   ro code  0x00a273     0x1  main.o [1]
  .far_func.text   ro code  0x00a274     0x1  stm8s_it.o [1]
  .far_func.text   ro code  0x00a275     0x1  stm8s_it.o [1]
  .far_func.text   ro code  0x00a276     0x1  stm8s_it.o [1]
  .far_func.text   ro code  0x00a277     0x1  stm8s_it.o [1]
  .far_func.text   ro code  0x00a278     0x1  stm8s_it.o [1]
  .far_func.text   ro code  0x00a279     0x1  stm8s_it.o [1]
  .far_func.text   ro code  0x00a27a     0x1  stm8s_it.o [1]
  .far_func.text   ro code  0x00a27b     0x1  stm8s_it.o [1]
  .far_func.text   ro code  0x00a27c     0x1  stm8s_it.o [1]
  .far_func.text   ro code  0x00a27d     0x1  stm8s_it.o [1]
  .far_func.text   ro code  0x00a27e     0x1  stm8s_it.o [1]
  .far_func.text   ro code  0x00a27f     0x1  stm8s_it.o [1]
  .far_func.text   ro code  0x00a280     0x1  stm8s_it.o [1]
  .far_func.text   ro code  0x00a281     0x1  stm8s_it.o [1]
  .far_func.text   ro code  0x00a282     0x1  stm8s_it.o [1]
  .far_func.text   ro code  0x00a283     0x1  stm8s_it.o [1]
  .far_func.text   ro code  0x00a284     0x1  stm8s_it.o [1]
  .far_func.text   ro code  0x00a285     0x1  stm8s_it.o [1]
  .far_func.text   ro code  0x00a286     0x1  stm8s_it.o [1]
  .far_func.text   ro code  0x00a287     0x1  __dbg_break.o [3]
                          - 0x00a288  0x216b


*******************************************************************************
*** INIT TABLE
***

          Address   Size
          -------   ----
Zero (__iar_zero_init2)
    1 destination range, total size 0x667:
          0x000010  0x667



*******************************************************************************
*** MODULE SUMMARY
***

    Module                    ro code  ro data  rw data
    ------                    -------  -------  -------
C:\Users\jurban\Documents\GitHub\7896_SNAP_100\Debug\Obj: [1]
    Device_Serial_Handlers.o    1 654       72
    GS1011_Serial_Handlers.o    1 803       72
    ParameterBlockHandlers.o      607
    SNAPSData.o                            801
    SNAPdata.o                                    1 635
    StringUtilities.o           1 098
    main.o                        340
    stm8s_clk.o                   134        4
    stm8s_it.o                    188
    utils.o                     1 023                 4
    ---------------------------------------------------
    Total:                      6 847      949    1 639

command line: [2]
    ---------------------------------------------------
    Total:

dbgstm8mmd.a: [3]
    __dbg_break.o                   1
    __dbg_xxexit.o                 22
    ---------------------------------------------------
    Total:                         23

dlstm8mmn.a: [4]
    cexit.o                         6
    cstartup.o                     23
    dc_util.o                      88
    exit.o                          4
    far_util.o                     14
    init.o                         30
    init_small.o                   30
    interrupt.o                     4      128
    long.o                        324
    long_util.o                    62
    low_level_init.o                3
    short.o                        30
    unhandled_exception.o           3
    vreg_util.o                   263
    vregs.o                                          16
    ---------------------------------------------------
    Total:                        884      128       16

    Linker created                           9      256
-------------------------------------------------------
    Grand Total:                7 754    1 086    1 911


*******************************************************************************
*** ENTRY LIST
***

Entry                    Address   Size  Type      Object
-----                    -------   ----  ----      ------
?add32_l0_l0_0x         0x008a34         Code  Gb  long.o [4]
?b0                     0x000000         Data  Gb  vregs.o [4]
?b1                     0x000001         Data  Gb  vregs.o [4]
?b10                    0x00000a         Data  Gb  vregs.o [4]
?b11                    0x00000b         Data  Gb  vregs.o [4]
?b12                    0x00000c         Data  Gb  vregs.o [4]
?b13                    0x00000d         Data  Gb  vregs.o [4]
?b14                    0x00000e         Data  Gb  vregs.o [4]
?b15                    0x00000f         Data  Gb  vregs.o [4]
?b2                     0x000002         Data  Gb  vregs.o [4]
?b3                     0x000003         Data  Gb  vregs.o [4]
?b4                     0x000004         Data  Gb  vregs.o [4]
?b5                     0x000005         Data  Gb  vregs.o [4]
?b6                     0x000006         Data  Gb  vregs.o [4]
?b7                     0x000007         Data  Gb  vregs.o [4]
?b8                     0x000008         Data  Gb  vregs.o [4]
?b9                     0x000009         Data  Gb  vregs.o [4]
?dc32_l0                0x009558         Code  Gb  dc_util.o [4]
?dc32_l1                0x009584         Code  Gb  dc_util.o [4]
?e0                     0x000001         Data  Gb  vregs.o [4]
?e1                     0x000005         Data  Gb  vregs.o [4]
?e2                     0x000009         Data  Gb  vregs.o [4]
?e3                     0x00000d         Data  Gb  vregs.o [4]
?epilogue_l2            0x008d36         Code  Gb  vreg_util.o [4]
?epilogue_l2_l3         0x008d32         Code  Gb  vreg_util.o [4]
?epilogue_l2_w6         0x008d3b         Code  Gb  vreg_util.o [4]
?epilogue_w4            0x008d44         Code  Gb  vreg_util.o [4]
?l0                     0x000000         Data  Gb  vregs.o [4]
?l1                     0x000004         Data  Gb  vregs.o [4]
?l2                     0x000008         Data  Gb  vregs.o [4]
?l3                     0x00000c         Data  Gb  vregs.o [4]
?load24_e1_0x           0x00a16f         Code  Gb  far_util.o [4]
?load32_0x_l0           0x009821         Code  Gb  long_util.o [4]
?load32_l0_0x           0x00980b         Code  Gb  long_util.o [4]
?load32_l0_asp          0x0097ff         Code  Gb  long_util.o [4]
?load32_l0_dbsp         0x0097f1         Code  Gb  long_util.o [4]
?load32_l0_xsp          0x009801         Code  Gb  long_util.o [4]
?load32_xsp_l0          0x009817         Code  Gb  long_util.o [4]
?mov_e0_e2              0x008d53         Code  Gb  vreg_util.o [4]
?mov_e0_e3              0x008d60         Code  Gb  vreg_util.o [4]
?mov_e1_e0              0x008d6d         Code  Gb  vreg_util.o [4]
?mov_e2_e0              0x008d7a         Code  Gb  vreg_util.o [4]
?mov_e3_e0              0x008d87         Code  Gb  vreg_util.o [4]
?mov_l0_l2              0x008d50         Code  Gb  vreg_util.o [4]
?mov_l0_l3              0x008d5d         Code  Gb  vreg_util.o [4]
?mov_l1_l0              0x008d6a         Code  Gb  vreg_util.o [4]
?mov_l2_l0              0x008d77         Code  Gb  vreg_util.o [4]
?mov_l3_l0              0x008d84         Code  Gb  vreg_util.o [4]
?mov_w1_w5              0x008d56         Code  Gb  vreg_util.o [4]
?mov_w1_w7              0x008d63         Code  Gb  vreg_util.o [4]
?mov_w3_w1              0x008d70         Code  Gb  vreg_util.o [4]
?mov_w4_w2              0x008d49         Code  Gb  vreg_util.o [4]
?mov_w5_w1              0x008d7d         Code  Gb  vreg_util.o [4]
?mov_w7_w1              0x008d8a         Code  Gb  vreg_util.o [4]
?mul16_x_x_w0           0x009dd2         Code  Gb  short.o [4]
?mul32_l0_l0_l1         0x008a67         Code  Gb  long.o [4]
?pop_l0                 0x008cfa         Code  Gb  vreg_util.o [4]
?pop_l1                 0x008d05         Code  Gb  vreg_util.o [4]
?pop_l2                 0x008d10         Code  Gb  vreg_util.o [4]
?pop_l3                 0x008d1b         Code  Gb  vreg_util.o [4]
?pop_w4                 0x008cab         Code  Gb  vreg_util.o [4]
?pop_w6                 0x008cb2         Code  Gb  vreg_util.o [4]
?push_l0                0x008cc5         Code  Gb  vreg_util.o [4]
?push_l1                0x008cca         Code  Gb  vreg_util.o [4]
?push_l2                0x008ccf         Code  Gb  vreg_util.o [4]
?push_l3                0x008cd4         Code  Gb  vreg_util.o [4]
?push_w4                0x008c8a         Code  Gb  vreg_util.o [4]
?push_w6                0x008c8f         Code  Gb  vreg_util.o [4]
?sext32_l0_x            0x008b6d         Code  Gb  long.o [4]
?sll32_0x_0x_a          0x008b5f         Code  Gb  long.o [4]
?sll32_l0_l0_a          0x008b5c         Code  Gb  long.o [4]
?sub32_l0_l0_0x         0x008a4f         Code  Gb  long.o [4]
?sub32_l0_l0_l1         0x008a4c         Code  Gb  long.o [4]
?udiv32_l0_dl_l1        0x008ae5         Code  Gb  long.o [4]
?udiv32_l0_l0_dl        0x008aeb         Code  Gb  long.o [4]
?udiv32_l0_l0_l1        0x008aef         Code  Gb  long.o [4]
?umod32_l1_l0_l1        0x008aef         Code  Gb  long.o [4]
?w0                     0x000000         Data  Gb  vregs.o [4]
?w1                     0x000002         Data  Gb  vregs.o [4]
?w2                     0x000004         Data  Gb  vregs.o [4]
?w3                     0x000006         Data  Gb  vregs.o [4]
?w4                     0x000008         Data  Gb  vregs.o [4]
?w5                     0x00000a         Data  Gb  vregs.o [4]
?w6                     0x00000c         Data  Gb  vregs.o [4]
?w7                     0x00000e         Data  Gb  vregs.o [4]
ACKMessage              0x00a1d5    0x9  Data  Gb  SNAPSData.o [1]
ADC2_IRQHandler         0x00a284    0x1  Code  Gb  stm8s_it.o [1]
AWU_IRQHandler          0x00a276    0x1  Code  Gb  stm8s_it.o [1]
AdaptorReady            0x00a1c3    0x9  Data  Gb  SNAPSData.o [1]
Add_Char_to_GS1011_Buffer
                        0x00a0eb   0x15  Code  Gb  StringUtilities.o [1]
Add_String_to_GS1011_Buffer
                        0x0099c5   0x34  Code  Gb  StringUtilities.o [1]
Add_String_to_GS1011_BufferCounted
                        0x009729   0x48  Code  Gb  StringUtilities.o [1]
Assemble_Process_Send_Device_Website_Update
                        0x009264   0x7a  Code  Gb  Device_Serial_Handlers.o [1]
B2ASCBuf                0x00062d    0xa  Data  Gb  SNAPdata.o [1]
BIN2ASC                 0x00811d  0x31e  Code  Gb  utils.o [1]
Binary_Devce_Serial     0x00063d    0x4  Data  Gb  SNAPdata.o [1]
Binary_Device_Class     0x000649    0x3  Data  Gb  SNAPdata.o [1]
CID_Value               0x00065b    0x1  Data  Gb  SNAPdata.o [1]
CLK_GetClockFreq        0x0091de   0x86  Code  Gb  stm8s_clk.o [1]
CLK_IRQHandler          0x00a277    0x1  Code  Gb  stm8s_it.o [1]
CSTACK$$Base            0x000700          --   Gb  - Linker created -
CSTACK$$Limit           0x000800          --   Gb  - Linker created -
Check_Checksum_Device_Buffer
                        0x0092de   0x78  Code  Gb  Device_Serial_Handlers.o [1]
Check_Device_Input      0x009c55   0x20  Code  Gb  Device_Serial_Handlers.o [1]
Checksum_Device_Buffer  0x009356   0x72  Code  Gb  Device_Serial_Handlers.o [1]
Cigar_update            0x00914e   0x90  Data  Gb  SNAPSData.o [1]
ClearSerialNumber       0x009f09   0x1b  Code  Gb  StringUtilities.o [1]
ClearW0Message          0x00a1f8    0x7  Data  Gb  SNAPSData.o [1]
ClearW1Message          0x00a1ff    0x7  Data  Gb  SNAPSData.o [1]
ClearY0Message          0x00a206    0x7  Data  Gb  SNAPSData.o [1]
Clear_PHeaderBuffer     0x009eee   0x1b  Code  Gb  ParameterBlockHandlers.o [1]
ConfiguringAdaptor      0x00a1cc    0x9  Data  Gb  SNAPSData.o [1]
ConnectionType_CONF11_message
                        0x009d95   0x1f  Data  Gb  SNAPSData.o [1]
ConvertSerialNumber     0x008b78  0x112  Code  Gb  StringUtilities.o [1]
Convert_update_and_Send
                        0x0093c8   0x71  Code  Gb  GS1011_Serial_Handlers.o [1]
CopyBufferDevice        0x0097b1   0x40  Code  Gb  StringUtilities.o [1]
CopyBufferGS1011        0x0098a8   0x3c  Code  Gb  StringUtilities.o [1]
CopySerialNumber        0x009b48   0x2b  Code  Gb  StringUtilities.o [1]
Copy_Stock_Send_Message
                        0x009e65   0x1c  Code  Gb  GS1011_Serial_Handlers.o [1]
CountChars              0x009faa   0x1a  Code  Gb  StringUtilities.o [1]
DNSLOOKUP_Message       0x009e2c   0x1d  Data  Gb  SNAPSData.o [1]
Device_DLE_Flag         0x00065e    0x1  Data  Gb  SNAPdata.o [1]
Device_Processing_Buffer
                        0x000210   0xff  Data  Gb  SNAPdata.o [1]
Device_RX_InPtr         0x000660    0x1  Data  Gb  SNAPdata.o [1]
Device_Rcvr_Complete_flag
                        0x000661    0x1  Data  Gb  SNAPdata.o [1]
Device_Rcvr_Count       0x00065f    0x1  Data  Gb  SNAPdata.o [1]
Device_Rcvr_EOM_Timer   0x000666    0x1  Data  Gb  SNAPdata.o [1]
Device_Rcvr_Timeout     0x000667    0x1  Data  Gb  SNAPdata.o [1]
Device_Rcvr_char        0x000663    0x1  Data  Gb  SNAPdata.o [1]
Device_Receiver_Buffer  0x00048e   0x80  Data  Gb  SNAPdata.o [1]
Device_Serial_number    0x00060e   0x10  Data  Gb  SNAPdata.o [1]
Device_Update_Data_count
                        0x000665    0x1  Data  Gb  SNAPdata.o [1]
Device_Update_Ready_for_Website_flag
                        0x000662    0x1  Data  Gb  SNAPdata.o [1]
Device_Xmit_Buffer      0x00058e   0x80  Data  Gb  SNAPdata.o [1]
Device_Xmit_Char        0x000669    0x1  Data  Gb  SNAPdata.o [1]
Device_Xmit_Char_Count  0x00066c    0x1  Data  Gb  SNAPdata.o [1]
Device_Xmit_Complete_Flag
                        0x000668    0x1  Data  Gb  SNAPdata.o [1]
Device_Xmit_Pointer     0x00066a    0x1  Data  Gb  SNAPdata.o [1]
Device_Xmit_Setup_Char_Pointer
                        0x00066b    0x1  Data  Gb  SNAPdata.o [1]
DisassociateMessage     0x00a20d    0x7  Data  Gb  SNAPSData.o [1]
DisassociateWeb         0x009d15   0x20  Code  Gb  GS1011_Serial_Handlers.o [1]
Dummy_update            0x00900b   0xb0  Data  Gb  SNAPSData.o [1]
EEPROM_EEC_IRQHandler   0x00a286    0x1  Code  Gb  stm8s_it.o [1]
ERRORmsg                0x00a222    0x6  Data  Gb  SNAPSData.o [1]
EXTI_PORTA_IRQHandler   0x00a278    0x1  Code  Gb  stm8s_it.o [1]
EXTI_PORTB_IRQHandler   0x00a279    0x1  Code  Gb  stm8s_it.o [1]
EXTI_PORTC_IRQHandler   0x00a27a    0x1  Code  Gb  stm8s_it.o [1]
EXTI_PORTD_IRQHandler   0x00a27b    0x1  Code  Gb  stm8s_it.o [1]
EXTI_PORTE_IRQHandler   0x00a27c    0x1  Code  Gb  stm8s_it.o [1]
FillBuffer              0x009b73   0x2a  Code  Gb  StringUtilities.o [1]
FindGS1011Chars         0x008e6d   0xd6  Code  Gb  StringUtilities.o [1]
ForceFactoryResetMessage
                        0x00a22e    0x6  Data  Gb  SNAPSData.o [1]
Found_String_At_Byte    0x000650    0x2  Data  Gb  SNAPdata.o [1]
GPIO_Configuration      0x009698   0x49  Code  Gb  main.o [1]
GS1011_Rcvr_Char        0x000670    0x1  Data  Gb  SNAPdata.o [1]
GS1011_Rcvr_EOM_Timer   0x00066e    0x1  Data  Gb  SNAPdata.o [1]
GS1011_Rcvr_InPtr       0x000652    0x2  Data  Gb  SNAPdata.o [1]
GS1011_Rcvr_OutPtr      0x000654    0x2  Data  Gb  SNAPdata.o [1]
GS1011_Rcvr_Pointer     0x000658    0x2  Data  Gb  SNAPdata.o [1]
GS1011_Rcvr_Timeout     0x00066f    0x1  Data  Gb  SNAPdata.o [1]
GS1011_Received_Data_Handler
                        0x0098e4   0x3a  Code  Gb  GS1011_Serial_Handlers.o [1]
GS1011_Received_Response_Flag
                        0x000671    0x1  Data  Gb  SNAPdata.o [1]
GS1011_Receiver_Buffer  0x000010  0x200  Data  Gb  SNAPdata.o [1]
GS1011_Rvcr_Count       0x000656    0x2  Data  Gb  SNAPdata.o [1]
GS1011_String_Found     0x000672    0x1  Data  Gb  SNAPdata.o [1]
GS1011_Xmit_Buffer      0x00030f   0xff  Data  Gb  SNAPdata.o [1]
GS1011_Xmit_Char        0x000676    0x1  Data  Gb  SNAPdata.o [1]
GS1011_Xmit_Char_Count  0x000674    0x1  Data  Gb  SNAPdata.o [1]
GS1011_Xmit_Pointer     0x000673    0x1  Data  Gb  SNAPdata.o [1]
GS1011_Xmit_Setup_Char_Pointer
                        0x000675    0x1  Data  Gb  SNAPdata.o [1]
GetNSTATMessage         0x00a197    0xc  Data  Gb  SNAPSData.o [1]
GetNSTAT_ResponseFromGS1011
                        0x00998f   0x36  Code  Gb  GS1011_Serial_Handlers.o [1]
GetNetworkStatusFromGS1011
                        0x009bec   0x25  Code  Gb  GS1011_Serial_Handlers.o [1]
GetProfileMessage       0x00a240    0x6  Data  Gb  SNAPSData.o [1]
GetResetResponseFromGS1011
                        0x00a13c   0x13  Code  Gb  GS1011_Serial_Handlers.o [1]
GetResponseFromGS1011   0x00a129   0x13  Code  Gb  GS1011_Serial_Handlers.o [1]
Get_Device_Char         0x009439   0x66  Code  Gb  Device_Serial_Handlers.o [1]
Get_Website_IP_address  0x0094ff   0x59  Code  Gb  GS1011_Serial_Handlers.o [1]
Get_Website_Response_and_Respond
                        0x00949f   0x60  Code  Gb  GS1011_Serial_Handlers.o [1]
Get_any_ResponseFromGS1011
                        0x009b9d   0x29  Code  Gb  GS1011_Serial_Handlers.o [1]
Good_Response           0x00a251    0x5  Data  Gb  SNAPSData.o [1]
HSIDivFactor            0x008119    0x4  Data  Gb  stm8s_clk.o [1]
HTTPOPEN_FULL_MESSAGE   0x009e49   0x1c  Data  Gb  SNAPSData.o [1]
HTTPOPEN_Get_CID        0x009bc6   0x26  Code  Gb  GS1011_Serial_Handlers.o [1]
I2C_IRQHandler          0x00a283    0x1  Code  Gb  stm8s_it.o [1]
INTVEC$$Base            0x008000          --   Gb  - Linker created -
INTVEC$$Limit           0x008080          --   Gb  - Linker created -
IPmsg                   0x00a25b    0x4  Data  Gb  SNAPSData.o [1]
InitB2ASCBuf            0x009e81   0x1c  Code  Gb  utils.o [1]
InitDeviceUART          0x009db4   0x1e  Code  Gb  Device_Serial_Handlers.o [1]
InitGS1011UART          0x009f90   0x1a  Code  Gb  GS1011_Serial_Handlers.o [1]
InitializeDeviceBuffer  0x009aee   0x2f  Code  Gb  StringUtilities.o [1]
InitializeDevice_Processing_Buffer
                        0x009eb8   0x1b  Code  Gb  Device_Serial_Handlers.o [1]
InitializeGS1011Buffer  0x00991e   0x39  Code  Gb  StringUtilities.o [1]
Int2ASCII               0x0090bb   0x93  Code  Gb  utils.o [1]
KeepAlive_CONF3_Message
                        0x009e9d   0x1b  Data  Gb  SNAPSData.o [1]
LocalSum                0x000645    0x4  Data  Gb  utils.o [1]
Make_Website_Update_from_Processing_Buffer
                        0x008885  0x1af  Code  Gb  ParameterBlockHandlers.o [1]
NWCONN_Response         0x00a1f0    0x8  Data  Gb  SNAPSData.o [1]
OKAYmsg                 0x00a267    0x3  Data  Gb  SNAPSData.o [1]
PHeaderBuffer           0x000637    0x6  Data  Gb  SNAPdata.o [1]
PNumber                 0x00065c    0x1  Data  Gb  SNAPdata.o [1]
PacketCount             0x00065d    0x1  Data  Gb  SNAPdata.o [1]
Packet_Data_Buffer      0x00050e   0x80  Data  Gb  SNAPdata.o [1]
Packet_Data_Pointer     0x00064e    0x2  Data  Gb  SNAPdata.o [1]
Powered                 0x00a1ba    0x9  Data  Gb  SNAPSData.o [1]
ProcessPtr              0x00064c    0x2  Data  Gb  SNAPdata.o [1]
Process_Received_Update
                        0x009a5d   0x31  Code  Gb  Device_Serial_Handlers.o [1]
Process_Receiver_Device_Message
                        0x009771   0x40  Code  Gb  Device_Serial_Handlers.o [1]
Process_Serial_Number   0x009fdd   0x19  Code  Gb  StringUtilities.o [1]
Process_Xmit_Device_Message
                        0x008f43   0xc8  Code  Gb  Device_Serial_Handlers.o [1]
Processing_Byte_Count   0x00066d    0x1  Data  Gb  SNAPdata.o [1]
RCC_Configuration       0x00a100   0x15  Code  Gb  main.o [1]
Region$$Table$$Base     0x008110          --   Gb  - Linker created -
Region$$Table$$Limit    0x008119          --   Gb  - Linker created -
ResendMessage           0x00a1de    0x9  Data  Gb  SNAPSData.o [1]
ResetAdaptor            0x009cf5   0x20  Code  Gb  GS1011_Serial_Handlers.o [1]
ResetAdaptorMessage     0x00a1af    0xb  Data  Gb  SNAPSData.o [1]
Reset_Network_Access    0x009cd5   0x20  Code  Gb  GS1011_Serial_Handlers.o [1]
SNAP_State              0x00065a    0x1  Data  Gb  SNAPdata.o [1]
SPI_IRQHandler          0x00a27d    0x1  Code  Gb  stm8s_it.o [1]
SWReset_Response        0x00a234    0x6  Data  Gb  SNAPSData.o [1]
SendShutEchoOff         0x00a0d6   0x15  Code  Gb  GS1011_Serial_Handlers.o [1]
SendWA_Init             0x00986c   0x3c  Code  Gb  GS1011_Serial_Handlers.o [1]
SendWM_2                0x009d55   0x20  Code  Gb  GS1011_Serial_Handlers.o [1]
SendYouThereMessageToGS1011
                        0x00a00f   0x17  Code  Gb  GS1011_Serial_Handlers.o [1]
Send_ACK_Message        0x00a07f   0x16  Code  Gb  Device_Serial_Handlers.o [1]
Send_AdaptorReady_Message
                        0x00a053   0x16  Code  Gb  Device_Serial_Handlers.o [1]
Send_ConfiguringAdaptor_Message
                        0x00a069   0x16  Code  Gb  Device_Serial_Handlers.o [1]
Send_Next_Char_to_Device
                        0x0095b0   0x4f  Code  Gb  Device_Serial_Handlers.o [1]
Send_Powered            0x00a18a    0xd  Code  Gb  Device_Serial_Handlers.o [1]
Send_Resend_Message     0x00a095   0x16  Code  Gb  Device_Serial_Handlers.o [1]
Send_powered_Message    0x00a03d   0x16  Code  Gb  Device_Serial_Handlers.o [1]
Sending_GS1011_Data_Handler
                        0x009957   0x38  Code  Gb  GS1011_Serial_Handlers.o [1]
SendtoWebsiteHeader     0x00a17d    0xd  Data  Gb  SNAPSData.o [1]
SendtoWebsiteHeader1    0x009c34   0x21  Data  Gb  SNAPSData.o [1]
SetDHCPSRVRMessage      0x00a160    0xf  Data  Gb  SNAPSData.o [1]
SetInitialIPAddressMessage
                        0x009abf   0x2f  Data  Gb  SNAPSData.o [1]
SetNDHCPMessage         0x00a1a3    0xc  Data  Gb  SNAPSData.o [1]
SetProvisioning         0x009c11   0x23  Code  Gb  GS1011_Serial_Handlers.o [1]
SetSerialNumberasAccessPointHeader
                        0x00a214    0x7  Data  Gb  SNAPSData.o [1]
SetSerialNumberasAccessPointTail
                        0x00a23a    0x6  Data  Gb  SNAPSData.o [1]
SetWEBPROVMessage       0x00a115   0x14  Data  Gb  SNAPSData.o [1]
SetWM2Message           0x00a1e7    0x9  Data  Gb  SNAPSData.o [1]
Set_FactoryReset        0x0096e1   0x48  Code  Gb  GS1011_Serial_Handlers.o [1]
Set_Keep_Alive          0x009cb5   0x20  Code  Gb  GS1011_Serial_Handlers.o [1]
Set_Mars_as_Website     0x009c95   0x20  Code  Gb  GS1011_Serial_Handlers.o [1]
SetupSendInitialIPAddress
                        0x009d35   0x20  Code  Gb  GS1011_Serial_Handlers.o [1]
ShutOffEchoMessage      0x00a228    0x6  Data  Gb  SNAPSData.o [1]
Start_Device_Xmit       0x009a8e   0x31  Code  Gb  Device_Serial_Handlers.o [1]
Start_GS1011_Send       0x0099f9   0x32  Code  Gb  GS1011_Serial_Handlers.o [1]
TIM1_CAP_COM_IRQHandler
                        0x00a27e    0x1  Code  Gb  stm8s_it.o [1]
TIM1_UPD_OVF_TRG_BRK_IRQHandler
                        0x00982f   0x3d  Code  Gb  stm8s_it.o [1]
TIM2_CAP_COM_IRQHandler
                        0x00a280    0x1  Code  Gb  stm8s_it.o [1]
TIM2_UPD_OVF_BRK_IRQHandler
                        0x00a27f    0x1  Code  Gb  stm8s_it.o [1]
TIM3_CAP_COM_IRQHandler
                        0x00a282    0x1  Code  Gb  stm8s_it.o [1]
TIM3_UPD_OVF_BRK_IRQHandler
                        0x00a281    0x1  Code  Gb  stm8s_it.o [1]
TIM4_UPD_OVF_IRQHandler
                        0x00a285    0x1  Code  Gb  stm8s_it.o [1]
TIMER1_Configuration    0x009ff6   0x19  Code  Gb  main.o [1]
TLI_IRQHandler          0x00a275    0x1  Code  Gb  stm8s_it.o [1]
TRAP_IRQHandler         0x00a274    0x1  Code  Gb  stm8s_it.o [1]
TestingSerialNumber     0x00a0c1   0x15  Data  Gb  SNAPSData.o [1]
UART1_Init              0x00843b  0x264  Code  Gb  GS1011_Serial_Handlers.o [1]
UART1_RX_IRQHandler     0x009f3f   0x1b  Code  Gb  stm8s_it.o [1]
UART1_TX_IRQHandler     0x009f24   0x1b  Code  Gb  stm8s_it.o [1]
UART3_Init              0x00869f  0x1e6  Code  Gb  Device_Serial_Handlers.o [1]
UART3_RX_IRQHandler     0x009f75   0x1b  Code  Gb  stm8s_it.o [1]
UART3_TX_IRQHandler     0x009f5a   0x1b  Code  Gb  stm8s_it.o [1]
WSTATECONNECTEDmsg      0x00a14f   0x11  Data  Gb  SNAPSData.o [1]
Wait_For_Update         0x009fc4   0x19  Code  Gb  Device_Serial_Handlers.o [1]
Website_Update_Data_Buffer
                        0x00040e   0x80  Data  Gb  SNAPdata.o [1]
YouThereMessage         0x00a24c    0x5  Data  Gb  SNAPSData.o [1]
__DebugBreak            0x00a287    0x1  Code  Gb  __dbg_break.o [3]
__exit                  0x00a0ab   0x16  Code  Gb  __dbg_xxexit.o [3]
__iar_data_init2        0x009df0   0x1e  Code  Gb  init.o [4]
__iar_program_start     0x00a026         Code  Gb  cstartup.o [4]
__iar_unhandled_exception
                        0x00a270         Code  Gb  unhandled_exception.o [4]
__iar_zero_init2        0x009e0e         Code  Gb  init_small.o [4]
__intvec                0x008000         Data  Gb  interrupt.o [4]
__low_level_init        0x00a26d    0x3  Code  Gb  low_level_init.o [4]
_exit                   0x00a246         Code  Gb  cexit.o [4]
_interrupt_1            0x00a274         Code  Gb  stm8s_it.o [1]
_interrupt_10           0x00a25f         Code  Wk  interrupt.o [4]
_interrupt_11           0x00a25f         Code  Wk  interrupt.o [4]
_interrupt_12           0x00a27d         Code  Gb  stm8s_it.o [1]
_interrupt_13           0x00982f         Code  Gb  stm8s_it.o [1]
_interrupt_14           0x00a27e         Code  Gb  stm8s_it.o [1]
_interrupt_15           0x00a27f         Code  Gb  stm8s_it.o [1]
_interrupt_16           0x00a280         Code  Gb  stm8s_it.o [1]
_interrupt_17           0x00a281         Code  Gb  stm8s_it.o [1]
_interrupt_18           0x00a282         Code  Gb  stm8s_it.o [1]
_interrupt_19           0x009f24         Code  Gb  stm8s_it.o [1]
_interrupt_2            0x00a275         Code  Gb  stm8s_it.o [1]
_interrupt_20           0x009f3f         Code  Gb  stm8s_it.o [1]
_interrupt_21           0x00a283         Code  Gb  stm8s_it.o [1]
_interrupt_22           0x009f5a         Code  Gb  stm8s_it.o [1]
_interrupt_23           0x009f75         Code  Gb  stm8s_it.o [1]
_interrupt_24           0x00a284         Code  Gb  stm8s_it.o [1]
_interrupt_25           0x00a285         Code  Gb  stm8s_it.o [1]
_interrupt_26           0x00a286         Code  Gb  stm8s_it.o [1]
_interrupt_27           0x00a25f         Code  Wk  interrupt.o [4]
_interrupt_28           0x00a25f         Code  Wk  interrupt.o [4]
_interrupt_29           0x00a25f         Code  Wk  interrupt.o [4]
_interrupt_3            0x00a276         Code  Gb  stm8s_it.o [1]
_interrupt_30           0x00a25f         Code  Wk  interrupt.o [4]
_interrupt_31           0x00a25f         Code  Wk  interrupt.o [4]
_interrupt_4            0x00a277         Code  Gb  stm8s_it.o [1]
_interrupt_5            0x00a278         Code  Gb  stm8s_it.o [1]
_interrupt_6            0x00a279         Code  Gb  stm8s_it.o [1]
_interrupt_7            0x00a27a         Code  Gb  stm8s_it.o [1]
_interrupt_8            0x00a27b         Code  Gb  stm8s_it.o [1]
_interrupt_9            0x00a27c         Code  Gb  stm8s_it.o [1]
assert_failed           0x00a273    0x1  Code  Gb  main.o [1]
clearB2ASCBuf           0x009a2b   0x32  Code  Gb  utils.o [1]
clear_tempblock         0x009ed3   0x1b  Code  Gb  ParameterBlockHandlers.o [1]
copyPHeaderToWebsite    0x009b1d   0x2b  Code  Gb  ParameterBlockHandlers.o [1]
copy_buffer_from_offset_to_terminator
                        0x00964e   0x4a  Code  Gb  StringUtilities.o [1]
exit                    0x00a263    0x4  Code  Gb  exit.o [4]
goodmsg                 0x00a256    0x5  Data  Gb  SNAPSData.o [1]
main                    0x008d91   0xdc  Code  Gb  main.o [1]
makePNumberHeader       0x0095ff   0x4f  Code  Gb  ParameterBlockHandlers.o [1]
pheader                 0x00a26a    0x3  Data  Gb  SNAPSData.o [1]
saveDeviceCharacter     0x009c75   0x20  Code  Gb  Device_Serial_Handlers.o [1]
setDHCPSRVR             0x009d75   0x20  Code  Gb  GS1011_Serial_Handlers.o [1]
tempblock               0x000641    0x4  Data  Gb  SNAPdata.o [1]
updatemsg               0x00a21b    0x7  Data  Gb  SNAPSData.o [1]
webptr                  0x000664    0x1  Data  Gb  SNAPdata.o [1]
website_IP_Address      0x00061e    0xf  Data  Gb  SNAPdata.o [1]


[1] = C:\Users\jurban\Documents\GitHub\7896_SNAP_100\Debug\Obj
[2] = command line
[3] = dbgstm8mmd.a
[4] = dlstm8mmn.a

  7 754 bytes of readonly  code memory
  1 086 bytes of readonly  data memory
  1 911 bytes of readwrite data memory

Errors: none
Warnings: none
