###############################################################################
#                                                                             #
# IAR ELF Linker V1.40.1.50106 for STM8                 03/Jul/2013  08:31:01 #
# Copyright 2010-2013 IAR Systems AB.                                         #
#                                                                             #
#    Output file  =  C:\Users\jurban\Documents\GitHub\7896_SNAP_100\Debug\Exe #
#                    \SNAP_100.out                                            #
#    Map file     =  C:\Users\jurban\Documents\GitHub\7896_SNAP_100\Debug\Lis #
#                    t\SNAP_100.map                                           #
#    Command line =  C:\Users\jurban\Documents\GitHub\7896_SNAP_100\Debug\Obj #
#                    \Device_Serial_Handlers.o C:\Users\jurban\Documents\GitH #
#                    ub\7896_SNAP_100\Debug\Obj\GS1011_Serial_Handlers.o      #
#                    C:\Users\jurban\Documents\GitHub\7896_SNAP_100\Debug\Obj #
#                    \ParameterBlockHandlers.o C:\Users\jurban\Documents\GitH #
#                    ub\7896_SNAP_100\Debug\Obj\SNAPSData.o                   #
#                    C:\Users\jurban\Documents\GitHub\7896_SNAP_100\Debug\Obj #
#                    \SNAPdata.o C:\Users\jurban\Documents\GitHub\7896_SNAP_1 #
#                    00\Debug\Obj\StringUtilities.o                           #
#                    C:\Users\jurban\Documents\GitHub\7896_SNAP_100\Debug\Obj #
#                    \main.o C:\Users\jurban\Documents\GitHub\7896_SNAP_100\D #
#                    ebug\Obj\stm8s_clk.o C:\Users\jurban\Documents\GitHub\78 #
#                    96_SNAP_100\Debug\Obj\stm8s_it.o                         #
#                    C:\Users\jurban\Documents\GitHub\7896_SNAP_100\Debug\Obj #
#                    \utils.o --redirect _Printf=_PrintfFullNoMb --redirect   #
#                    _Scanf=_ScanfFullNoMb -o C:\Users\jurban\Documents\GitHu #
#                    b\7896_SNAP_100\Debug\Exe\SNAP_100.out --map             #
#                    C:\Users\jurban\Documents\GitHub\7896_SNAP_100\Debug\Lis #
#                    t\SNAP_100.map --log libraries,initialization,modules,re #
#                    directs,sections,unused_fragments --log_file             #
#                    C:\Users\jurban\Documents\GitHub\7896_SNAP_100\Debug\Lis #
#                    t\SNAP_100.log --config C:\Users\jurban\Documents\GitHub #
#                    \7896_SNAP_100\lnkstm8s007C8.icf --config_def            #
#                    _CSTACK_SIZE=0x100 --config_def _HEAP_SIZE=0x100         #
#                    --entry __iar_program_start --debug_lib                  #
#                                                                             #
#                                                                             #
###############################################################################

*******************************************************************************
*** RUNTIME MODEL ATTRIBUTES
***

__SystemLibrary            = DLib
__code_model               = medium_or_large
__core                     = stm8
__data_model               = medium
__dlib_file_descriptor     = 0
__dlib_full_locale_support = 0
__rt_version               = 4


*******************************************************************************
*** PLACEMENT SUMMARY
***

"A1":  place at start of [0x000000-0x0000ff] { rw section .vregs };
"A2":  place at end of [0x000000-0x0007ff] { block CSTACK };
"P2":  place in [from 0x000000 to 0x0007ff] {
          block HEAP, rw section .far.bss, rw section .far.data,
          rw section .far.noinit, rw section .far_func.textrw,
          rw section .huge.bss, rw section .huge.data, rw section .huge.noinit,
          rw section .huge_func.textrw, rw section .iar.dynexit,
          rw section .near.bss, rw section .near.data, rw section .near.noinit,
          rw section .near_func.textrw };
"A3":  place at start of [0x008000-0x00ffff] { block INTVEC };
"P3":  place in [from 0x008000 to 0x00ffff] {
          ro section .far.data_init, ro section .far_func.textrw_init,
          ro section .huge.data_init, ro section .huge_func.textrw_init,
          ro section .iar.init_table, ro section .init_array,
          ro section .near.data_init, ro section .near.rodata,
          ro section .near_func.text, ro section .near_func.textrw_init,
          ro section .tiny.data_init, ro section .tiny.rodata_init };
"P4":  place in [from 0x008000 to 0x00ffff] {
          ro section .far.rodata, ro section .far_func.text };

  Section          Kind      Address    Size  Object
  -------          ----      -------    ----  ------
"A1":                                   0x10
  .vregs           uninit   0x000000    0x10  vregs.o [4]
                          - 0x000010    0x10

"P2":                                  0x6d7
  .near.bss        zero     0x000010   0x200  SNAPdata.o [1]
  .near.bss        zero     0x000210   0x100  SNAPdata.o [1]
  .near.bss        zero     0x000310    0xff  SNAPdata.o [1]
  .near.bss        zero     0x00040f    0xff  SNAPdata.o [1]
  .near.bss        zero     0x00050e    0xff  SNAPdata.o [1]
  .near.bss        zero     0x00060d    0x80  SNAPdata.o [1]
  .near.bss        zero     0x00068d    0x10  SNAPdata.o [1]
  .near.bss        zero     0x00069d     0xf  SNAPdata.o [1]
  .near.bss        zero     0x0006ac     0x8  SNAPdata.o [1]
  .near.bss        zero     0x0006b4     0x6  SNAPdata.o [1]
  .near.bss        zero     0x0006ba     0x4  SNAPdata.o [1]
  .near.bss        zero     0x0006be     0x4  utils.o [1]
  .near.bss        zero     0x0006c2     0x2  SNAPdata.o [1]
  .near.bss        zero     0x0006c4     0x2  SNAPdata.o [1]
  .near.bss        zero     0x0006c6     0x2  SNAPdata.o [1]
  .near.bss        zero     0x0006c8     0x2  SNAPdata.o [1]
  .near.bss        zero     0x0006ca     0x2  SNAPdata.o [1]
  .near.bss        zero     0x0006cc     0x2  SNAPdata.o [1]
  .near.bss        zero     0x0006ce     0x2  SNAPdata.o [1]
  .near.bss        zero     0x0006d0     0x1  SNAPdata.o [1]
  .near.bss        zero     0x0006d1     0x1  SNAPdata.o [1]
  .near.bss        zero     0x0006d2     0x1  SNAPdata.o [1]
  .near.bss        zero     0x0006d3     0x1  SNAPdata.o [1]
  .near.bss        zero     0x0006d4     0x1  SNAPdata.o [1]
  .near.bss        zero     0x0006d5     0x1  SNAPdata.o [1]
  .near.bss        zero     0x0006d6     0x1  SNAPdata.o [1]
  .near.bss        zero     0x0006d7     0x1  SNAPdata.o [1]
  .near.bss        zero     0x0006d8     0x1  SNAPdata.o [1]
  .near.bss        zero     0x0006d9     0x1  SNAPdata.o [1]
  .near.bss        zero     0x0006da     0x1  SNAPdata.o [1]
  .near.bss        zero     0x0006db     0x1  SNAPdata.o [1]
  .near.bss        zero     0x0006dc     0x1  SNAPdata.o [1]
  .near.bss        zero     0x0006dd     0x1  SNAPdata.o [1]
  .near.bss        zero     0x0006de     0x1  SNAPdata.o [1]
  .near.bss        zero     0x0006df     0x1  SNAPdata.o [1]
  .near.bss        zero     0x0006e0     0x1  SNAPdata.o [1]
  .near.bss        zero     0x0006e1     0x1  SNAPdata.o [1]
  .near.bss        zero     0x0006e2     0x1  SNAPdata.o [1]
  .near.bss        zero     0x0006e3     0x1  SNAPdata.o [1]
  .near.bss        zero     0x0006e4     0x1  SNAPdata.o [1]
  .near.bss        zero     0x0006e5     0x1  SNAPdata.o [1]
  .near.bss        zero     0x0006e6     0x1  SNAPdata.o [1]
                          - 0x0006e7   0x6d7

"A2":                                  0x100
  CSTACK                    0x000700   0x100  <Block>
    CSTACK         uninit   0x000700   0x100  <Block tail>
                          - 0x000800   0x100

"A3":                                   0x80
  INTVEC                    0x008000    0x80  <Block>
    .intvec        const    0x008000    0x80  interrupt.o [4]
                          - 0x008080    0x80

"P3":                                   0x9d
  .near.rodata     const    0x008080    0x48  Device_Serial_Handlers.o [1]
  .near.rodata     const    0x0080c8    0x48  GS1011_Serial_Handlers.o [1]
  .iar.init_table  const    0x008110     0x9  - Linker created -
  .near.rodata     const    0x008119     0x4  stm8s_clk.o [1]
                          - 0x00811d    0x9d

"P4":                                 0x1a53
  .far_func.text   ro code  0x00811d   0x264  GS1011_Serial_Handlers.o [1]
  .far_func.text   ro code  0x008381   0x215  utils.o [1]
  .far_func.text   ro code  0x008596   0x1e6  Device_Serial_Handlers.o [1]
  .far_func.text   ro code  0x00877c   0x144  long.o [4]
  .far_func.text   ro code  0x0088c0   0x107  vreg_util.o [4]
  .far_func.text   ro code  0x0089c7    0xf8  ParameterBlockHandlers.o [1]
  .far_func.text   ro code  0x008abf    0xe5  main.o [1]
  .far_func.text   ro code  0x008ba4    0xd6  StringUtilities.o [1]
  .far.rodata      const    0x008c7a    0xb0  SNAPSData.o [1]
  .far.rodata      const    0x008d2a    0x96  SNAPSData.o [1]
  .far_func.text   ro code  0x008dc0    0x86  stm8s_clk.o [1]
  .far_func.text   ro code  0x008e46    0x79  Device_Serial_Handlers.o [1]
  .far_func.text   ro code  0x008ebf    0x62  utils.o [1]
  .far_func.text   ro code  0x008f21    0x59  GS1011_Serial_Handlers.o [1]
  .far_func.text   ro code  0x008f7a    0x58  dc_util.o [4]
  .far_func.text   ro code  0x008fd2    0x55  ParameterBlockHandlers.o [1]
  .far_func.text   ro code  0x009027    0x4f  Device_Serial_Handlers.o [1]
  .far_func.text   ro code  0x009076    0x4d  Device_Serial_Handlers.o [1]
  .far_func.text   ro code  0x0090c3    0x4a  StringUtilities.o [1]
  .far_func.text   ro code  0x00910d    0x49  main.o [1]
  .far_func.text   ro code  0x009156    0x48  GS1011_Serial_Handlers.o [1]
  .far_func.text   ro code  0x00919e    0x48  StringUtilities.o [1]
  .far_func.text   ro code  0x0091e6    0x41  StringUtilities.o [1]
  .far_func.text   ro code  0x009227    0x3e  long_util.o [4]
  .far_func.text   ro code  0x009265    0x3c  GS1011_Serial_Handlers.o [1]
  .far_func.text   ro code  0x0092a1    0x3c  StringUtilities.o [1]
  .far_func.text   ro code  0x0092dd    0x3b  StringUtilities.o [1]
  .far_func.text   ro code  0x009318    0x39  Device_Serial_Handlers.o [1]
  .far_func.text   ro code  0x009351    0x39  StringUtilities.o [1]
  .far_func.text   ro code  0x00938a    0x38  GS1011_Serial_Handlers.o [1]
  .far_func.text   ro code  0x0093c2    0x35  GS1011_Serial_Handlers.o [1]
  .far_func.text   ro code  0x0093f7    0x34  StringUtilities.o [1]
  .far_func.text   ro code  0x00942b    0x32  GS1011_Serial_Handlers.o [1]
  .far_func.text   ro code  0x00945d    0x32  GS1011_Serial_Handlers.o [1]
  .far.rodata      const    0x00948f    0x2f  SNAPSData.o [1]
  .far_func.text   ro code  0x0094be    0x2b  ParameterBlockHandlers.o [1]
  .far_func.text   ro code  0x0094e9    0x2a  StringUtilities.o [1]
  .far_func.text   ro code  0x009513    0x29  GS1011_Serial_Handlers.o [1]
  .far_func.text   ro code  0x00953c    0x27  GS1011_Serial_Handlers.o [1]
  .far_func.text   ro code  0x009563    0x26  GS1011_Serial_Handlers.o [1]
  .far_func.text   ro code  0x009589    0x25  Device_Serial_Handlers.o [1]
  .far_func.text   ro code  0x0095ae    0x25  GS1011_Serial_Handlers.o [1]
  .far_func.text   ro code  0x0095d3    0x23  GS1011_Serial_Handlers.o [1]
  .far_func.text   ro code  0x0095f6    0x23  stm8s_it.o [1]
  .far.rodata      const    0x009619    0x21  SNAPSData.o [1]
  .far_func.text   ro code  0x00963a    0x20  GS1011_Serial_Handlers.o [1]
  .far_func.text   ro code  0x00965a    0x20  GS1011_Serial_Handlers.o [1]
  .far_func.text   ro code  0x00967a    0x20  GS1011_Serial_Handlers.o [1]
  .far_func.text   ro code  0x00969a    0x20  GS1011_Serial_Handlers.o [1]
  .far_func.text   ro code  0x0096ba    0x20  GS1011_Serial_Handlers.o [1]
  .far_func.text   ro code  0x0096da    0x20  GS1011_Serial_Handlers.o [1]
  .far_func.text   ro code  0x0096fa    0x20  GS1011_Serial_Handlers.o [1]
  .far_func.text   ro code  0x00971a    0x20  GS1011_Serial_Handlers.o [1]
  .far.rodata      const    0x00973a    0x1f  SNAPSData.o [1]
  .far_func.text   ro code  0x009759    0x1f  Device_Serial_Handlers.o [1]
  .far_func.text   ro code  0x009778    0x1e  Device_Serial_Handlers.o [1]
  .far_func.text   ro code  0x009796    0x1e  short.o [4]
  .far_func.text   ro code  0x0097b4    0x1e  init.o [4]
  .far_func.text   ro code  0x0097d2    0x1e  init_small.o [4]
  .far.rodata      const    0x0097f0    0x1d  SNAPSData.o [1]
  .far.rodata      const    0x00980d    0x1c  SNAPSData.o [1]
  .far_func.text   ro code  0x009829    0x1c  GS1011_Serial_Handlers.o [1]
  .far.rodata      const    0x009845    0x1b  SNAPSData.o [1]
  .far_func.text   ro code  0x009860    0x1b  ParameterBlockHandlers.o [1]
  .far_func.text   ro code  0x00987b    0x1b  stm8s_it.o [1]
  .far_func.text   ro code  0x009896    0x1b  stm8s_it.o [1]
  .far_func.text   ro code  0x0098b1    0x1b  stm8s_it.o [1]
  .far_func.text   ro code  0x0098cc    0x1b  stm8s_it.o [1]
  .far_func.text   ro code  0x0098e7    0x1a  GS1011_Serial_Handlers.o [1]
  .far_func.text   ro code  0x009901    0x19  Device_Serial_Handlers.o [1]
  .far_func.text   ro code  0x00991a    0x19  main.o [1]
  .far_func.text   ro code  0x009933    0x18  StringUtilities.o [1]
  .far_func.text   ro code  0x00994b    0x17  GS1011_Serial_Handlers.o [1]
  .far_func.text   ro code  0x009962    0x17  cstartup.o [4]
  .far_func.text   ro code  0x009979    0x16  Device_Serial_Handlers.o [1]
  .far_func.text   ro code  0x00998f    0x16  Device_Serial_Handlers.o [1]
  .far_func.text   ro code  0x0099a5    0x16  __dbg_xxexit.o [3]
  .far_func.text   ro code  0x0099bb    0x15  Device_Serial_Handlers.o [1]
  .far_func.text   ro code  0x0099d0    0x15  GS1011_Serial_Handlers.o [1]
  .far_func.text   ro code  0x0099e5    0x15  main.o [1]
  .far.rodata      const    0x0099fa    0x14  SNAPSData.o [1]
  .far_func.text   ro code  0x009a0e    0x14  utils.o [1]
  .far_func.text   ro code  0x009a22    0x13  GS1011_Serial_Handlers.o [1]
  .far_func.text   ro code  0x009a35    0x13  GS1011_Serial_Handlers.o [1]
  .far.rodata      const    0x009a48    0x11  SNAPSData.o [1]
  .far_func.text   ro code  0x009a59    0x10  Device_Serial_Handlers.o [1]
  .far.rodata      const    0x009a69     0xf  SNAPSData.o [1]
  .far_func.text   ro code  0x009a78     0xe  far_util.o [4]
  .far.rodata      const    0x009a86     0xd  SNAPSData.o [1]
  .far.rodata      const    0x009a93     0xc  SNAPSData.o [1]
  .far.rodata      const    0x009a9f     0xc  SNAPSData.o [1]
  .far.rodata      const    0x009aab     0xb  SNAPSData.o [1]
  .far.rodata      const    0x009ab6     0x9  SNAPSData.o [1]
  .far.rodata      const    0x009abf     0x9  SNAPSData.o [1]
  .far.rodata      const    0x009ac8     0x9  SNAPSData.o [1]
  .far.rodata      const    0x009ad1     0x9  SNAPSData.o [1]
  .far.rodata      const    0x009ada     0x9  SNAPSData.o [1]
  .far.rodata      const    0x009ae3     0x8  SNAPSData.o [1]
  .far.rodata      const    0x009aeb     0x7  SNAPSData.o [1]
  .far.rodata      const    0x009af2     0x7  SNAPSData.o [1]
  .far.rodata      const    0x009af9     0x7  SNAPSData.o [1]
  .far.rodata      const    0x009b00     0x7  SNAPSData.o [1]
  .far.rodata      const    0x009b07     0x7  SNAPSData.o [1]
  .far.rodata      const    0x009b0e     0x6  SNAPSData.o [1]
  .far.rodata      const    0x009b14     0x6  SNAPSData.o [1]
  .far.rodata      const    0x009b1a     0x6  SNAPSData.o [1]
  .far.rodata      const    0x009b20     0x6  SNAPSData.o [1]
  .far.rodata      const    0x009b26     0x6  SNAPSData.o [1]
  .far.rodata      const    0x009b2c     0x6  SNAPSData.o [1]
  .far_func.text   ro code  0x009b32     0x6  cexit.o [4]
  .far.rodata      const    0x009b38     0x5  SNAPSData.o [1]
  .far.rodata      const    0x009b3d     0x5  SNAPSData.o [1]
  .far.rodata      const    0x009b42     0x4  SNAPSData.o [1]
  .far_func.text   ro code  0x009b46     0x4  interrupt.o [4]
  .far_func.text   ro code  0x009b4a     0x4  exit.o [4]
  .far.rodata      const    0x009b4e     0x3  SNAPSData.o [1]
  .far.rodata      const    0x009b51     0x3  SNAPSData.o [1]
  .far_func.text   ro code  0x009b54     0x3  low_level_init.o [4]
  .far_func.text   ro code  0x009b57     0x3  unhandled_exception.o [4]
  .far_func.text   ro code  0x009b5a     0x1  GS1011_Serial_Handlers.o [1]
  .far_func.text   ro code  0x009b5b     0x1  main.o [1]
  .far_func.text   ro code  0x009b5c     0x1  stm8s_it.o [1]
  .far_func.text   ro code  0x009b5d     0x1  stm8s_it.o [1]
  .far_func.text   ro code  0x009b5e     0x1  stm8s_it.o [1]
  .far_func.text   ro code  0x009b5f     0x1  stm8s_it.o [1]
  .far_func.text   ro code  0x009b60     0x1  stm8s_it.o [1]
  .far_func.text   ro code  0x009b61     0x1  stm8s_it.o [1]
  .far_func.text   ro code  0x009b62     0x1  stm8s_it.o [1]
  .far_func.text   ro code  0x009b63     0x1  stm8s_it.o [1]
  .far_func.text   ro code  0x009b64     0x1  stm8s_it.o [1]
  .far_func.text   ro code  0x009b65     0x1  stm8s_it.o [1]
  .far_func.text   ro code  0x009b66     0x1  stm8s_it.o [1]
  .far_func.text   ro code  0x009b67     0x1  stm8s_it.o [1]
  .far_func.text   ro code  0x009b68     0x1  stm8s_it.o [1]
  .far_func.text   ro code  0x009b69     0x1  stm8s_it.o [1]
  .far_func.text   ro code  0x009b6a     0x1  stm8s_it.o [1]
  .far_func.text   ro code  0x009b6b     0x1  stm8s_it.o [1]
  .far_func.text   ro code  0x009b6c     0x1  stm8s_it.o [1]
  .far_func.text   ro code  0x009b6d     0x1  stm8s_it.o [1]
  .far_func.text   ro code  0x009b6e     0x1  stm8s_it.o [1]
  .far_func.text   ro code  0x009b6f     0x1  __dbg_break.o [3]
                          - 0x009b70  0x1a53


*******************************************************************************
*** INIT TABLE
***

          Address   Size
          -------   ----
Zero (__iar_zero_init2)
    1 destination range, total size 0x6d7:
          0x000010  0x6d7



*******************************************************************************
*** MODULE SUMMARY
***

    Module                    ro code  ro data  rw data
    ------                    -------  -------  -------
C:\Users\jurban\Documents\GitHub\7896_SNAP_100\Debug\Obj: [1]
    Device_Serial_Handlers.o    1 024       72
    GS1011_Serial_Handlers.o    1 625       72
    ParameterBlockHandlers.o      403
    SNAPSData.o                            765
    SNAPdata.o                                    1 747
    StringUtilities.o             719
    main.o                        349
    stm8s_clk.o                   134        4
    stm8s_it.o                    162
    utils.o                       651                 4
    ---------------------------------------------------
    Total:                      5 067      913    1 751

command line: [2]
    ---------------------------------------------------
    Total:

dbgstm8mmd.a: [3]
    __dbg_break.o                   1
    __dbg_xxexit.o                 22
    ---------------------------------------------------
    Total:                         23

dlstm8mmn.a: [4]
    cexit.o                         6
    cstartup.o                     23
    dc_util.o                      88
    exit.o                          4
    far_util.o                     14
    init.o                         30
    init_small.o                   30
    interrupt.o                     4      128
    long.o                        324
    long_util.o                    62
    low_level_init.o                3
    short.o                        30
    unhandled_exception.o           3
    vreg_util.o                   263
    vregs.o                                          16
    ---------------------------------------------------
    Total:                        884      128       16

    Linker created                           9      256
-------------------------------------------------------
    Grand Total:                5 974    1 050    2 023


*******************************************************************************
*** ENTRY LIST
***

Entry                    Address   Size  Type      Object
-----                    -------   ----  ----      ------
?add32_l0_l0_0x         0x00877c         Code  Gb  long.o [4]
?b0                     0x000000         Data  Gb  vregs.o [4]
?b1                     0x000001         Data  Gb  vregs.o [4]
?b10                    0x00000a         Data  Gb  vregs.o [4]
?b11                    0x00000b         Data  Gb  vregs.o [4]
?b12                    0x00000c         Data  Gb  vregs.o [4]
?b13                    0x00000d         Data  Gb  vregs.o [4]
?b14                    0x00000e         Data  Gb  vregs.o [4]
?b15                    0x00000f         Data  Gb  vregs.o [4]
?b2                     0x000002         Data  Gb  vregs.o [4]
?b3                     0x000003         Data  Gb  vregs.o [4]
?b4                     0x000004         Data  Gb  vregs.o [4]
?b5                     0x000005         Data  Gb  vregs.o [4]
?b6                     0x000006         Data  Gb  vregs.o [4]
?b7                     0x000007         Data  Gb  vregs.o [4]
?b8                     0x000008         Data  Gb  vregs.o [4]
?b9                     0x000009         Data  Gb  vregs.o [4]
?dc32_l0                0x008f7a         Code  Gb  dc_util.o [4]
?dc32_l1                0x008fa6         Code  Gb  dc_util.o [4]
?e0                     0x000001         Data  Gb  vregs.o [4]
?e1                     0x000005         Data  Gb  vregs.o [4]
?e2                     0x000009         Data  Gb  vregs.o [4]
?e3                     0x00000d         Data  Gb  vregs.o [4]
?epilogue_l2            0x00896c         Code  Gb  vreg_util.o [4]
?epilogue_l2_l3         0x008968         Code  Gb  vreg_util.o [4]
?epilogue_l2_w6         0x008971         Code  Gb  vreg_util.o [4]
?epilogue_w4            0x00897a         Code  Gb  vreg_util.o [4]
?l0                     0x000000         Data  Gb  vregs.o [4]
?l1                     0x000004         Data  Gb  vregs.o [4]
?l2                     0x000008         Data  Gb  vregs.o [4]
?l3                     0x00000c         Data  Gb  vregs.o [4]
?load24_e1_0x           0x009a78         Code  Gb  far_util.o [4]
?load32_0x_l0           0x009257         Code  Gb  long_util.o [4]
?load32_l0_0x           0x009241         Code  Gb  long_util.o [4]
?load32_l0_asp          0x009235         Code  Gb  long_util.o [4]
?load32_l0_dbsp         0x009227         Code  Gb  long_util.o [4]
?load32_l0_xsp          0x009237         Code  Gb  long_util.o [4]
?load32_xsp_l0          0x00924d         Code  Gb  long_util.o [4]
?mov_e0_e2              0x008989         Code  Gb  vreg_util.o [4]
?mov_e0_e3              0x008996         Code  Gb  vreg_util.o [4]
?mov_e1_e0              0x0089a3         Code  Gb  vreg_util.o [4]
?mov_e2_e0              0x0089b0         Code  Gb  vreg_util.o [4]
?mov_e3_e0              0x0089bd         Code  Gb  vreg_util.o [4]
?mov_l0_l2              0x008986         Code  Gb  vreg_util.o [4]
?mov_l0_l3              0x008993         Code  Gb  vreg_util.o [4]
?mov_l1_l0              0x0089a0         Code  Gb  vreg_util.o [4]
?mov_l2_l0              0x0089ad         Code  Gb  vreg_util.o [4]
?mov_l3_l0              0x0089ba         Code  Gb  vreg_util.o [4]
?mov_w1_w5              0x00898c         Code  Gb  vreg_util.o [4]
?mov_w1_w7              0x008999         Code  Gb  vreg_util.o [4]
?mov_w3_w1              0x0089a6         Code  Gb  vreg_util.o [4]
?mov_w4_w2              0x00897f         Code  Gb  vreg_util.o [4]
?mov_w5_w1              0x0089b3         Code  Gb  vreg_util.o [4]
?mov_w7_w1              0x0089c0         Code  Gb  vreg_util.o [4]
?mul16_x_x_w0           0x009796         Code  Gb  short.o [4]
?mul32_l0_l0_l1         0x0087af         Code  Gb  long.o [4]
?pop_l0                 0x008930         Code  Gb  vreg_util.o [4]
?pop_l1                 0x00893b         Code  Gb  vreg_util.o [4]
?pop_l2                 0x008946         Code  Gb  vreg_util.o [4]
?pop_l3                 0x008951         Code  Gb  vreg_util.o [4]
?pop_w4                 0x0088e1         Code  Gb  vreg_util.o [4]
?pop_w6                 0x0088e8         Code  Gb  vreg_util.o [4]
?push_l0                0x0088fb         Code  Gb  vreg_util.o [4]
?push_l1                0x008900         Code  Gb  vreg_util.o [4]
?push_l2                0x008905         Code  Gb  vreg_util.o [4]
?push_l3                0x00890a         Code  Gb  vreg_util.o [4]
?push_w4                0x0088c0         Code  Gb  vreg_util.o [4]
?push_w6                0x0088c5         Code  Gb  vreg_util.o [4]
?sext32_l0_x            0x0088b5         Code  Gb  long.o [4]
?sll32_0x_0x_a          0x0088a7         Code  Gb  long.o [4]
?sll32_l0_l0_a          0x0088a4         Code  Gb  long.o [4]
?sub32_l0_l0_0x         0x008797         Code  Gb  long.o [4]
?sub32_l0_l0_l1         0x008794         Code  Gb  long.o [4]
?udiv32_l0_dl_l1        0x00882d         Code  Gb  long.o [4]
?udiv32_l0_l0_dl        0x008833         Code  Gb  long.o [4]
?udiv32_l0_l0_l1        0x008837         Code  Gb  long.o [4]
?umod32_l1_l0_l1        0x008837         Code  Gb  long.o [4]
?w0                     0x000000         Data  Gb  vregs.o [4]
?w1                     0x000002         Data  Gb  vregs.o [4]
?w2                     0x000004         Data  Gb  vregs.o [4]
?w3                     0x000006         Data  Gb  vregs.o [4]
?w4                     0x000008         Data  Gb  vregs.o [4]
?w5                     0x00000a         Data  Gb  vregs.o [4]
?w6                     0x00000c         Data  Gb  vregs.o [4]
?w7                     0x00000e         Data  Gb  vregs.o [4]
ACKMessage              0x009ad1    0x9  Data  Gb  SNAPSData.o [1]
ADC2_IRQHandler         0x009b6c    0x1  Code  Gb  stm8s_it.o [1]
AWU_IRQHandler          0x009b5e    0x1  Code  Gb  stm8s_it.o [1]
AdaptorReady            0x009abf    0x9  Data  Gb  SNAPSData.o [1]
Add_String_to_GS1011_Buffer
                        0x0093f7   0x34  Code  Gb  StringUtilities.o [1]
Add_String_to_GS1011_BufferCounted
                        0x00919e   0x48  Code  Gb  StringUtilities.o [1]
B2ASCBuf                0x0006ac    0x8  Data  Gb  SNAPdata.o [1]
BIN2ASC                 0x008381  0x215  Code  Gb  utils.o [1]
CID_Value               0x0006e6    0x1  Data  Gb  SNAPdata.o [1]
CLK_GetClockFreq        0x008dc0   0x86  Code  Gb  stm8s_clk.o [1]
CLK_IRQHandler          0x009b5f    0x1  Code  Gb  stm8s_it.o [1]
CSTACK$$Base            0x000700          --   Gb  - Linker created -
CSTACK$$Limit           0x000800          --   Gb  - Linker created -
Check_Checksum_Device_Buffer
                        0x008e46   0x79  Code  Gb  Device_Serial_Handlers.o [1]
Cigar_update            0x008d2a   0x96  Data  Gb  SNAPSData.o [1]
ClearW0Message          0x009aeb    0x7  Data  Gb  SNAPSData.o [1]
ClearW1Message          0x009af2    0x7  Data  Gb  SNAPSData.o [1]
ClearY0Message          0x009af9    0x7  Data  Gb  SNAPSData.o [1]
ConfiguringAdaptor      0x009ac8    0x9  Data  Gb  SNAPSData.o [1]
ConnectionType_CONF11_message
                        0x00973a   0x1f  Data  Gb  SNAPSData.o [1]
Convert_update_and_Send
                        0x00953c   0x27  Code  Gb  GS1011_Serial_Handlers.o [1]
CopyBufferDevice        0x0092dd   0x3b  Code  Gb  StringUtilities.o [1]
CopyBufferGS1011        0x0092a1   0x3c  Code  Gb  StringUtilities.o [1]
CopySerialNumber        0x0091e6   0x41  Code  Gb  StringUtilities.o [1]
Copy_Stock_Send_Message
                        0x009829   0x1c  Code  Gb  GS1011_Serial_Handlers.o [1]
DNSLOOKUP_Message       0x0097f0   0x1d  Data  Gb  SNAPSData.o [1]
Device_Processing_Buffer
                        0x00050e   0xff  Data  Gb  SNAPdata.o [1]
Device_RX_InPtr         0x0006d3    0x1  Data  Gb  SNAPdata.o [1]
Device_RX_OutPtr        0x0006d4    0x1  Data  Gb  SNAPdata.o [1]
Device_Rcvr_Complete_flag
                        0x0006d5    0x1  Data  Gb  SNAPdata.o [1]
Device_Rcvr_char        0x0006d7    0x1  Data  Gb  SNAPdata.o [1]
Device_Receiver_Buffer  0x000310   0xff  Data  Gb  SNAPdata.o [1]
Device_Serial_number    0x00068d   0x10  Data  Gb  SNAPdata.o [1]
Device_Update_Ready_for_Website_flag
                        0x0006d6    0x1  Data  Gb  SNAPdata.o [1]
Device_Xmit_Buffer      0x00060d   0x80  Data  Gb  SNAPdata.o [1]
Device_Xmit_Char        0x0006d9    0x1  Data  Gb  SNAPdata.o [1]
Device_Xmit_Char_Count  0x0006dc    0x1  Data  Gb  SNAPdata.o [1]
Device_Xmit_Complete_Flag
                        0x0006d8    0x1  Data  Gb  SNAPdata.o [1]
Device_Xmit_Pointer     0x0006da    0x1  Data  Gb  SNAPdata.o [1]
Device_Xmit_Setup_Char_Pointer
                        0x0006db    0x1  Data  Gb  SNAPdata.o [1]
DisassociateMessage     0x009b00    0x7  Data  Gb  SNAPSData.o [1]
DisassociateWeb         0x0096ba   0x20  Code  Gb  GS1011_Serial_Handlers.o [1]
Dummy_update            0x008c7a   0xb0  Data  Gb  SNAPSData.o [1]
EEPROM_EEC_IRQHandler   0x009b6e    0x1  Code  Gb  stm8s_it.o [1]
ERRORmsg                0x009b0e    0x6  Data  Gb  SNAPSData.o [1]
EXTI_PORTA_IRQHandler   0x009b60    0x1  Code  Gb  stm8s_it.o [1]
EXTI_PORTB_IRQHandler   0x009b61    0x1  Code  Gb  stm8s_it.o [1]
EXTI_PORTC_IRQHandler   0x009b62    0x1  Code  Gb  stm8s_it.o [1]
EXTI_PORTD_IRQHandler   0x009b63    0x1  Code  Gb  stm8s_it.o [1]
EXTI_PORTE_IRQHandler   0x009b64    0x1  Code  Gb  stm8s_it.o [1]
FillBuffer              0x0094e9   0x2a  Code  Gb  StringUtilities.o [1]
FindGS1011Chars         0x008ba4   0xd6  Code  Gb  StringUtilities.o [1]
ForceFactoryResetMessage
                        0x009b1a    0x6  Data  Gb  SNAPSData.o [1]
Found_String_At_Byte    0x0006c6    0x2  Data  Gb  SNAPdata.o [1]
GPIO_Configuration      0x00910d   0x49  Code  Gb  main.o [1]
GS1011_Rcvr_Char        0x0006df    0x1  Data  Gb  SNAPdata.o [1]
GS1011_Rcvr_EOM_Timer   0x0006dd    0x1  Data  Gb  SNAPdata.o [1]
GS1011_Rcvr_InPtr       0x0006c8    0x2  Data  Gb  SNAPdata.o [1]
GS1011_Rcvr_OutPtr      0x0006ca    0x2  Data  Gb  SNAPdata.o [1]
GS1011_Rcvr_Pointer     0x0006ce    0x2  Data  Gb  SNAPdata.o [1]
GS1011_Rcvr_Timeout     0x0006de    0x1  Data  Gb  SNAPdata.o [1]
GS1011_Received_Data_Handler
                        0x0093c2   0x35  Code  Gb  GS1011_Serial_Handlers.o [1]
GS1011_Received_Response_Flag
                        0x0006e0    0x1  Data  Gb  SNAPdata.o [1]
GS1011_Receiver_Buffer  0x000010  0x200  Data  Gb  SNAPdata.o [1]
GS1011_Rvcr_Count       0x0006cc    0x2  Data  Gb  SNAPdata.o [1]
GS1011_String_Found     0x0006e1    0x1  Data  Gb  SNAPdata.o [1]
GS1011_Xmit_Buffer      0x000210  0x100  Data  Gb  SNAPdata.o [1]
GS1011_Xmit_Char        0x0006e5    0x1  Data  Gb  SNAPdata.o [1]
GS1011_Xmit_Char_Count  0x0006e3    0x1  Data  Gb  SNAPdata.o [1]
GS1011_Xmit_Pointer     0x0006e2    0x1  Data  Gb  SNAPdata.o [1]
GS1011_Xmit_Setup_Char_Pointer
                        0x0006e4    0x1  Data  Gb  SNAPdata.o [1]
GetNSTATMessage         0x009a93    0xc  Data  Gb  SNAPSData.o [1]
GetNSTAT_ResponseFromGS1011
                        0x00942b   0x32  Code  Gb  GS1011_Serial_Handlers.o [1]
GetNetworkStatusFromGS1011
                        0x0095ae   0x25  Code  Gb  GS1011_Serial_Handlers.o [1]
GetProfileMessage       0x009b2c    0x6  Data  Gb  SNAPSData.o [1]
GetResetResponseFromGS1011
                        0x009a35   0x13  Code  Gb  GS1011_Serial_Handlers.o [1]
GetResponseFromGS1011   0x009a22   0x13  Code  Gb  GS1011_Serial_Handlers.o [1]
Get_Device_Char         0x009589   0x25  Code  Gb  Device_Serial_Handlers.o [1]
Get_Website_IP_address  0x008f21   0x59  Code  Gb  GS1011_Serial_Handlers.o [1]
Get_Website_Response_and_Respond
                        0x009b5a    0x1  Code  Gb  GS1011_Serial_Handlers.o [1]
Get_any_ResponseFromGS1011
                        0x009513   0x29  Code  Gb  GS1011_Serial_Handlers.o [1]
Good_Response           0x009b3d    0x5  Data  Gb  SNAPSData.o [1]
HSIDivFactor            0x008119    0x4  Data  Gb  stm8s_clk.o [1]
HTTPOPEN_FULL_MESSAGE   0x00980d   0x1c  Data  Gb  SNAPSData.o [1]
HTTPOPEN_Get_CID        0x009563   0x26  Code  Gb  GS1011_Serial_Handlers.o [1]
I2C_IRQHandler          0x009b6b    0x1  Code  Gb  stm8s_it.o [1]
INTVEC$$Base            0x008000          --   Gb  - Linker created -
INTVEC$$Limit           0x008080          --   Gb  - Linker created -
IPmsg                   0x009b42    0x4  Data  Gb  SNAPSData.o [1]
InitDeviceUART          0x009778   0x1e  Code  Gb  Device_Serial_Handlers.o [1]
InitGS1011UART          0x0098e7   0x1a  Code  Gb  GS1011_Serial_Handlers.o [1]
InitializeDeviceBuffer  0x009933   0x18  Code  Gb  StringUtilities.o [1]
InitializeGS1011Buffer  0x009351   0x39  Code  Gb  StringUtilities.o [1]
Initialize_Device_receiver_buffer
                        0x0099bb   0x15  Code  Gb  Device_Serial_Handlers.o [1]
Int2ASCII               0x008ebf   0x62  Code  Gb  utils.o [1]
KeepAlive_CONF3_Message
                        0x009845   0x1b  Data  Gb  SNAPSData.o [1]
LocalSum                0x0006be    0x4  Data  Gb  utils.o [1]
Make_Website_Update_from_Processing_Buffer
                        0x0089c7   0xf8  Code  Gb  ParameterBlockHandlers.o [1]
NWCONN_Response         0x009ae3    0x8  Data  Gb  SNAPSData.o [1]
OKAYmsg                 0x009b4e    0x3  Data  Gb  SNAPSData.o [1]
PHeaderBuffer           0x0006b4    0x6  Data  Gb  SNAPdata.o [1]
PNumber                 0x0006d2    0x1  Data  Gb  SNAPdata.o [1]
Packet_Data_Buffer      0x00040f   0xff  Data  Gb  SNAPdata.o [1]
Packet_Data_Pointer     0x0006c4    0x2  Data  Gb  SNAPdata.o [1]
Powered                 0x009ab6    0x9  Data  Gb  SNAPSData.o [1]
ProcessPtr              0x0006c2    0x2  Data  Gb  SNAPdata.o [1]
Process_Received_Update
                        0x009759   0x1f  Code  Gb  Device_Serial_Handlers.o [1]
Process_Receiver_Device_Message
                        0x009076   0x4d  Code  Gb  Device_Serial_Handlers.o [1]
RCC_Configuration       0x0099e5   0x15  Code  Gb  main.o [1]
Region$$Table$$Base     0x008110          --   Gb  - Linker created -
Region$$Table$$Limit    0x008119          --   Gb  - Linker created -
ResetAdaptor            0x00969a   0x20  Code  Gb  GS1011_Serial_Handlers.o [1]
ResetAdaptorMessage     0x009aab    0xb  Data  Gb  SNAPSData.o [1]
Reset_Network_Access    0x00967a   0x20  Code  Gb  GS1011_Serial_Handlers.o [1]
SNAP_State              0x0006d0    0x1  Data  Gb  SNAPdata.o [1]
SPI_IRQHandler          0x009b65    0x1  Code  Gb  stm8s_it.o [1]
SWReset_Response        0x009b26    0x6  Data  Gb  SNAPSData.o [1]
SendShutEchoOff         0x0099d0   0x15  Code  Gb  GS1011_Serial_Handlers.o [1]
SendWA_Init             0x009265   0x3c  Code  Gb  GS1011_Serial_Handlers.o [1]
SendWM_2                0x0096fa   0x20  Code  Gb  GS1011_Serial_Handlers.o [1]
SendYouThereMessageToGS1011
                        0x00994b   0x17  Code  Gb  GS1011_Serial_Handlers.o [1]
Send_ACK_Message        0x00998f   0x16  Code  Gb  Device_Serial_Handlers.o [1]
Send_Next_Char_to_Device
                        0x009027   0x4f  Code  Gb  Device_Serial_Handlers.o [1]
Send_Powered            0x009901   0x19  Code  Gb  Device_Serial_Handlers.o [1]
Send_powered_Message    0x009979   0x16  Code  Gb  Device_Serial_Handlers.o [1]
Sending_GS1011_Data_Handler
                        0x00938a   0x38  Code  Gb  GS1011_Serial_Handlers.o [1]
SendtoWebsiteHeader     0x009a86    0xd  Data  Gb  SNAPSData.o [1]
SendtoWebsiteHeader1    0x009619   0x21  Data  Gb  SNAPSData.o [1]
SetDHCPSRVRMessage      0x009a69    0xf  Data  Gb  SNAPSData.o [1]
SetInitialIPAddressMessage
                        0x00948f   0x2f  Data  Gb  SNAPSData.o [1]
SetNDHCPMessage         0x009a9f    0xc  Data  Gb  SNAPSData.o [1]
SetProvisioning         0x0095d3   0x23  Code  Gb  GS1011_Serial_Handlers.o [1]
SetSerialNumberasAccessPointHeader
                        0x009b07    0x7  Data  Gb  SNAPSData.o [1]
SetSerialNumberasAccessPointTail
                        0x009b20    0x6  Data  Gb  SNAPSData.o [1]
SetWEBPROVMessage       0x0099fa   0x14  Data  Gb  SNAPSData.o [1]
SetWM2Message           0x009ada    0x9  Data  Gb  SNAPSData.o [1]
Set_FactoryReset        0x009156   0x48  Code  Gb  GS1011_Serial_Handlers.o [1]
Set_Keep_Alive          0x00965a   0x20  Code  Gb  GS1011_Serial_Handlers.o [1]
Set_Mars_as_Website     0x00963a   0x20  Code  Gb  GS1011_Serial_Handlers.o [1]
SetupSendInitialIPAddress
                        0x0096da   0x20  Code  Gb  GS1011_Serial_Handlers.o [1]
ShutOffEchoMessage      0x009b14    0x6  Data  Gb  SNAPSData.o [1]
Start_Device_Xmit       0x009318   0x39  Code  Gb  Device_Serial_Handlers.o [1]
Start_GS1011_Send       0x00945d   0x32  Code  Gb  GS1011_Serial_Handlers.o [1]
StoreB2AscBuf           0x009a0e   0x14  Code  Gb  utils.o [1]
TIM1_CAP_COM_IRQHandler
                        0x009b66    0x1  Code  Gb  stm8s_it.o [1]
TIM1_UPD_OVF_TRG_BRK_IRQHandler
                        0x0095f6   0x23  Code  Gb  stm8s_it.o [1]
TIM2_CAP_COM_IRQHandler
                        0x009b68    0x1  Code  Gb  stm8s_it.o [1]
TIM2_UPD_OVF_BRK_IRQHandler
                        0x009b67    0x1  Code  Gb  stm8s_it.o [1]
TIM3_CAP_COM_IRQHandler
                        0x009b6a    0x1  Code  Gb  stm8s_it.o [1]
TIM3_UPD_OVF_BRK_IRQHandler
                        0x009b69    0x1  Code  Gb  stm8s_it.o [1]
TIM4_UPD_OVF_IRQHandler
                        0x009b6d    0x1  Code  Gb  stm8s_it.o [1]
TIMER1_Configuration    0x00991a   0x19  Code  Gb  main.o [1]
TLI_IRQHandler          0x009b5d    0x1  Code  Gb  stm8s_it.o [1]
TRAP_IRQHandler         0x009b5c    0x1  Code  Gb  stm8s_it.o [1]
UART1_Init              0x00811d  0x264  Code  Gb  GS1011_Serial_Handlers.o [1]
UART1_RX_IRQHandler     0x009896   0x1b  Code  Gb  stm8s_it.o [1]
UART1_TX_IRQHandler     0x00987b   0x1b  Code  Gb  stm8s_it.o [1]
UART3_Init              0x008596  0x1e6  Code  Gb  Device_Serial_Handlers.o [1]
UART3_RX_IRQHandler     0x0098cc   0x1b  Code  Gb  stm8s_it.o [1]
UART3_TX_IRQHandler     0x0098b1   0x1b  Code  Gb  stm8s_it.o [1]
WSTATECONNECTEDmsg      0x009a48   0x11  Data  Gb  SNAPSData.o [1]
Wait_For_Update         0x009a59   0x10  Code  Gb  Device_Serial_Handlers.o [1]
YouThereMessage         0x009b38    0x5  Data  Gb  SNAPSData.o [1]
__DebugBreak            0x009b6f    0x1  Code  Gb  __dbg_break.o [3]
__exit                  0x0099a5   0x16  Code  Gb  __dbg_xxexit.o [3]
__iar_data_init2        0x0097b4   0x1e  Code  Gb  init.o [4]
__iar_program_start     0x009962         Code  Gb  cstartup.o [4]
__iar_unhandled_exception
                        0x009b57         Code  Gb  unhandled_exception.o [4]
__iar_zero_init2        0x0097d2         Code  Gb  init_small.o [4]
__intvec                0x008000         Data  Gb  interrupt.o [4]
__low_level_init        0x009b54    0x3  Code  Gb  low_level_init.o [4]
_exit                   0x009b32         Code  Gb  cexit.o [4]
_interrupt_1            0x009b5c         Code  Gb  stm8s_it.o [1]
_interrupt_10           0x009b46         Code  Wk  interrupt.o [4]
_interrupt_11           0x009b46         Code  Wk  interrupt.o [4]
_interrupt_12           0x009b65         Code  Gb  stm8s_it.o [1]
_interrupt_13           0x0095f6         Code  Gb  stm8s_it.o [1]
_interrupt_14           0x009b66         Code  Gb  stm8s_it.o [1]
_interrupt_15           0x009b67         Code  Gb  stm8s_it.o [1]
_interrupt_16           0x009b68         Code  Gb  stm8s_it.o [1]
_interrupt_17           0x009b69         Code  Gb  stm8s_it.o [1]
_interrupt_18           0x009b6a         Code  Gb  stm8s_it.o [1]
_interrupt_19           0x00987b         Code  Gb  stm8s_it.o [1]
_interrupt_2            0x009b5d         Code  Gb  stm8s_it.o [1]
_interrupt_20           0x009896         Code  Gb  stm8s_it.o [1]
_interrupt_21           0x009b6b         Code  Gb  stm8s_it.o [1]
_interrupt_22           0x0098b1         Code  Gb  stm8s_it.o [1]
_interrupt_23           0x0098cc         Code  Gb  stm8s_it.o [1]
_interrupt_24           0x009b6c         Code  Gb  stm8s_it.o [1]
_interrupt_25           0x009b6d         Code  Gb  stm8s_it.o [1]
_interrupt_26           0x009b6e         Code  Gb  stm8s_it.o [1]
_interrupt_27           0x009b46         Code  Wk  interrupt.o [4]
_interrupt_28           0x009b46         Code  Wk  interrupt.o [4]
_interrupt_29           0x009b46         Code  Wk  interrupt.o [4]
_interrupt_3            0x009b5e         Code  Gb  stm8s_it.o [1]
_interrupt_30           0x009b46         Code  Wk  interrupt.o [4]
_interrupt_31           0x009b46         Code  Wk  interrupt.o [4]
_interrupt_4            0x009b5f         Code  Gb  stm8s_it.o [1]
_interrupt_5            0x009b60         Code  Gb  stm8s_it.o [1]
_interrupt_6            0x009b61         Code  Gb  stm8s_it.o [1]
_interrupt_7            0x009b62         Code  Gb  stm8s_it.o [1]
_interrupt_8            0x009b63         Code  Gb  stm8s_it.o [1]
_interrupt_9            0x009b64         Code  Gb  stm8s_it.o [1]
assert_failed           0x009b5b    0x1  Code  Gb  main.o [1]
checksum_Okay           0x0006d1    0x1  Data  Gb  SNAPdata.o [1]
clear_tempblock         0x009860   0x1b  Code  Gb  ParameterBlockHandlers.o [1]
copyPHeaderToWebsite    0x0094be   0x2b  Code  Gb  ParameterBlockHandlers.o [1]
copy_buffer_from_offset_to_terminator
                        0x0090c3   0x4a  Code  Gb  StringUtilities.o [1]
exit                    0x009b4a    0x4  Code  Gb  exit.o [4]
main                    0x008abf   0xe5  Code  Gb  main.o [1]
makePNumberHeader       0x008fd2   0x55  Code  Gb  ParameterBlockHandlers.o [1]
pheader                 0x009b51    0x3  Data  Gb  SNAPSData.o [1]
setDHCPSRVR             0x00971a   0x20  Code  Gb  GS1011_Serial_Handlers.o [1]
tempblock               0x0006ba    0x4  Data  Gb  SNAPdata.o [1]
website_IP_Address      0x00069d    0xf  Data  Gb  SNAPdata.o [1]


[1] = C:\Users\jurban\Documents\GitHub\7896_SNAP_100\Debug\Obj
[2] = command line
[3] = dbgstm8mmd.a
[4] = dlstm8mmn.a

  5 974 bytes of readonly  code memory
  1 050 bytes of readonly  data memory
  2 023 bytes of readwrite data memory

Errors: none
Warnings: none
